Component: ARM Compiler 5.06 update 6 (build 750) Tool: armlink [4d35ed]

==============================================================================

Section Cross References

    system_stm32l1xx.o(i.SystemCoreClockUpdate) refers to system_stm32l1xx.o(.data) for SystemCoreClock
    system_stm32l1xx.o(i.SystemInit) refers to system_stm32l1xx.o(i.SetSysClock) for SetSysClock
    startup_stm32l1xx_hd.o(RESET) refers to startup_stm32l1xx_hd.o(STACK) for __initial_sp
    startup_stm32l1xx_hd.o(RESET) refers to startup_stm32l1xx_hd.o(.text) for Reset_Handler
    startup_stm32l1xx_hd.o(RESET) refers to stm32l1xx_it.o(.emb_text) for HardFault_Handler
    startup_stm32l1xx_hd.o(RESET) refers to stm32l1xx_it.o(i.MemManage_Handler) for MemManage_Handler
    startup_stm32l1xx_hd.o(RESET) refers to stm32l1xx_it.o(i.BusFault_Handler) for BusFault_Handler
    startup_stm32l1xx_hd.o(RESET) refers to stm32l1xx_it.o(i.UsageFault_Handler) for UsageFault_Handler
    startup_stm32l1xx_hd.o(RESET) refers to port.o(.emb_text) for SVC_Handler
    startup_stm32l1xx_hd.o(RESET) refers to stm32l1xx_it.o(i.DebugMon_Handler) for DebugMon_Handler
    startup_stm32l1xx_hd.o(RESET) refers to port.o(i.SysTick_Handler) for SysTick_Handler
    startup_stm32l1xx_hd.o(RESET) refers to stm32l1xx_it.o(i.RTC_WKUP_IRQHandler) for RTC_WKUP_IRQHandler
    startup_stm32l1xx_hd.o(RESET) refers to stm32l1xx_it.o(i.EXTI0_IRQHandler) for EXTI0_IRQHandler
    startup_stm32l1xx_hd.o(RESET) refers to stm32l1xx_it.o(i.EXTI2_IRQHandler) for EXTI2_IRQHandler
    startup_stm32l1xx_hd.o(RESET) refers to stm32l1xx_it.o(i.EXTI9_5_IRQHandler) for EXTI9_5_IRQHandler
    startup_stm32l1xx_hd.o(RESET) refers to stm32l1xx_it.o(i.TIM5_IRQHandler) for TIM5_IRQHandler
    startup_stm32l1xx_hd.o(.text) refers to system_stm32l1xx.o(i.SystemInit) for SystemInit
    startup_stm32l1xx_hd.o(.text) refers to entry.o(.ARM.Collect$$$$00000000) for __main
    event_groups.o(i.vEventGroupClearBitsCallback) refers to event_groups.o(i.xEventGroupClearBits) for xEventGroupClearBits
    event_groups.o(i.vEventGroupDelete) refers to tasks.o(i.vTaskSuspendAll) for vTaskSuspendAll
    event_groups.o(i.vEventGroupDelete) refers to tasks.o(i.xTaskRemoveFromUnorderedEventList) for xTaskRemoveFromUnorderedEventList
    event_groups.o(i.vEventGroupDelete) refers to heap_4.o(i.vPortFree) for vPortFree
    event_groups.o(i.vEventGroupDelete) refers to tasks.o(i.xTaskResumeAll) for xTaskResumeAll
    event_groups.o(i.vEventGroupSetBitsCallback) refers to event_groups.o(i.xEventGroupSetBits) for xEventGroupSetBits
    event_groups.o(i.xEventGroupClearBits) refers to port.o(i.vPortEnterCritical) for vPortEnterCritical
    event_groups.o(i.xEventGroupClearBits) refers to port.o(i.vPortExitCritical) for vPortExitCritical
    event_groups.o(i.xEventGroupCreate) refers to heap_4.o(i.pvPortMalloc) for pvPortMalloc
    event_groups.o(i.xEventGroupCreate) refers to list.o(i.vListInitialise) for vListInitialise
    event_groups.o(i.xEventGroupGetBitsFromISR) refers to port.o(.emb_text) for ulPortSetInterruptMask
    event_groups.o(i.xEventGroupSetBits) refers to tasks.o(i.vTaskSuspendAll) for vTaskSuspendAll
    event_groups.o(i.xEventGroupSetBits) refers to tasks.o(i.xTaskRemoveFromUnorderedEventList) for xTaskRemoveFromUnorderedEventList
    event_groups.o(i.xEventGroupSetBits) refers to tasks.o(i.xTaskResumeAll) for xTaskResumeAll
    event_groups.o(i.xEventGroupSync) refers to tasks.o(i.vTaskSuspendAll) for vTaskSuspendAll
    event_groups.o(i.xEventGroupSync) refers to event_groups.o(i.xEventGroupSetBits) for xEventGroupSetBits
    event_groups.o(i.xEventGroupSync) refers to tasks.o(i.vTaskPlaceOnUnorderedEventList) for vTaskPlaceOnUnorderedEventList
    event_groups.o(i.xEventGroupSync) refers to tasks.o(i.xTaskResumeAll) for xTaskResumeAll
    event_groups.o(i.xEventGroupSync) refers to port.o(i.vPortYield) for vPortYield
    event_groups.o(i.xEventGroupSync) refers to tasks.o(i.uxTaskResetEventItemValue) for uxTaskResetEventItemValue
    event_groups.o(i.xEventGroupSync) refers to port.o(i.vPortEnterCritical) for vPortEnterCritical
    event_groups.o(i.xEventGroupSync) refers to port.o(i.vPortExitCritical) for vPortExitCritical
    event_groups.o(i.xEventGroupWaitBits) refers to tasks.o(i.vTaskSuspendAll) for vTaskSuspendAll
    event_groups.o(i.xEventGroupWaitBits) refers to event_groups.o(i.prvTestWaitCondition) for prvTestWaitCondition
    event_groups.o(i.xEventGroupWaitBits) refers to tasks.o(i.vTaskPlaceOnUnorderedEventList) for vTaskPlaceOnUnorderedEventList
    event_groups.o(i.xEventGroupWaitBits) refers to tasks.o(i.xTaskResumeAll) for xTaskResumeAll
    event_groups.o(i.xEventGroupWaitBits) refers to port.o(i.vPortYield) for vPortYield
    event_groups.o(i.xEventGroupWaitBits) refers to tasks.o(i.uxTaskResetEventItemValue) for uxTaskResetEventItemValue
    event_groups.o(i.xEventGroupWaitBits) refers to port.o(i.vPortEnterCritical) for vPortEnterCritical
[...]
    i.RTC_ITConfig                           0x08001d30   Section        0  stm32l1xx_rtc.o(i.RTC_ITConfig)
    i.RTC_ReadBackupRegister                 0x08001d94   Section        0  stm32l1xx_rtc.o(i.RTC_ReadBackupRegister)
    i.RTC_SetWakeUpCounter                   0x08001db4   Section        0  stm32l1xx_rtc.o(i.RTC_SetWakeUpCounter)
    i.RTC_WKUP_IRQHandler                    0x08001dd0   Section        0  stm32l1xx_it.o(i.RTC_WKUP_IRQHandler)
    i.RTC_WaitForSynchro                     0x08001df8   Section        0  stm32l1xx_rtc.o(i.RTC_WaitForSynchro)
    i.RTC_WakeUpClockConfig                  0x08001e58   Section        0  stm32l1xx_rtc.o(i.RTC_WakeUpClockConfig)
    i.RTC_WakeUpCmd                          0x08001e88   Section        0  stm32l1xx_rtc.o(i.RTC_WakeUpCmd)
    i.RTC_WriteBackupRegister                0x08001f00   Section        0  stm32l1xx_rtc.o(i.RTC_WriteBackupRegister)
    i.SHT11_Ack                              0x08001f1c   Section        0  stm32l1xx_sht11.o(i.SHT11_Ack)
    i.SHT11_Gonder8Bit                       0x08001f4c   Section        0  stm32l1xx_sht11.o(i.SHT11_Gonder8Bit)
    i.SHT11_Hesapla                          0x08001f8c   Section        0  stm32l1xx_sht11.o(i.SHT11_Hesapla)
    i.SHT11_NAck                             0x0800207c   Section        0  stm32l1xx_sht11.o(i.SHT11_NAck)
    i.SHT11_Oku                              0x080020b4   Section        0  stm32l1xx_sht11.o(i.SHT11_Oku)
    i.SHT11_Oku8Bit                          0x080020f0   Section        0  stm32l1xx_sht11.o(i.SHT11_Oku8Bit)
    i.SHT11_Paket_Al                         0x08002128   Section        0  stm32l1xx_sht11.o(i.SHT11_Paket_Al)
    i.SHT11_Reset                            0x080021e4   Section        0  stm32l1xx_sht11.o(i.SHT11_Reset)
    i.SHT11_Start                            0x08002218   Section        0  stm32l1xx_sht11.o(i.SHT11_Start)
    i.SYSCFG_EXTILineConfig                  0x08002288   Section        0  stm32l1xx_syscfg.o(i.SYSCFG_EXTILineConfig)
    i.SetSysClock                            0x080022c8   Section        0  system_stm32l1xx.o(i.SetSysClock)
    i.Set_Float_Backup                       0x0800238c   Section        0  main.o(i.Set_Float_Backup)
    i.SysTick_Handler                        0x080023c0   Section        0  port.o(i.SysTick_Handler)
    i.SystemInit                             0x080023e0   Section        0  system_stm32l1xx.o(i.SystemInit)
    i.TIM5_IRQHandler                        0x08002448   Section        0  stm32l1xx_it.o(i.TIM5_IRQHandler)
    i.TIM_ARRPreloadConfig                   0x080024a8   Section        0  stm32l1xx_tim.o(i.TIM_ARRPreloadConfig)
    i.TIM_ClearITPendingBit                  0x080024c0   Section        0  stm32l1xx_tim.o(i.TIM_ClearITPendingBit)
    i.TIM_Cmd                                0x080024c6   Section        0  stm32l1xx_tim.o(i.TIM_Cmd)
    i.TIM_EncoderInterfaceConfig             0x080024de   Section        0  stm32l1xx_tim.o(i.TIM_EncoderInterfaceConfig)
    i.TIM_ITConfig                           0x08002520   Section        0  stm32l1xx_tim.o(i.TIM_ITConfig)
    i.TIM_TimeBaseInit                       0x08002534   Section        0  stm32l1xx_tim.o(i.TIM_TimeBaseInit)
    i.The_Pin_Init                           0x08002594   Section        0  stm32l1xx_lcd_st7522.o(i.The_Pin_Init)
    i.TurkceCevir                            0x080025c6   Section        0  stm32l1xx_lcd_st7522.o(i.TurkceCevir)
    i.UsageFault_Handler                     0x0800265c   Section        0  stm32l1xx_it.o(i.UsageFault_Handler)
    i.Veri_Gon                               0x08002660   Section        0  stm32l1xx_lcd_st7522.o(i.Veri_Gon)
    i.__0sprintf                             0x080026c8   Section        0  printfa.o(i.__0sprintf)
    i.__scatterload_copy                     0x080026f0   Section       14  handlers.o(i.__scatterload_copy)
    i.__scatterload_null                     0x080026fe   Section        2  handlers.o(i.__scatterload_null)
    i.__scatterload_zeroinit                 0x08002700   Section       14  handlers.o(i.__scatterload_zeroinit)
    i.__set_PRIMASK                          0x0800270e   Section        0  stm32l1xx_dht11.o(i.__set_PRIMASK)
    __set_PRIMASK                            0x0800270f   Thumb Code     6  stm32l1xx_dht11.o(i.__set_PRIMASK)
    i._fp_digits                             0x08002714   Section        0  printfa.o(i._fp_digits)
    _fp_digits                               0x08002715   Thumb Code   366  printfa.o(i._fp_digits)
    i._printf_core                           0x08002898   Section        0  printfa.o(i._printf_core)
    _printf_core                             0x08002899   Thumb Code  1744  printfa.o(i._printf_core)
    i._printf_post_padding                   0x08002f74   Section        0  printfa.o(i._printf_post_padding)
    _printf_post_padding                     0x08002f75   Thumb Code    36  printfa.o(i._printf_post_padding)
    i._printf_pre_padding                    0x08002f98   Section        0  printfa.o(i._printf_pre_padding)
    _printf_pre_padding                      0x08002f99   Thumb Code    46  printfa.o(i._printf_pre_padding)
    i._sputc                                 0x08002fc6   Section        0  printfa.o(i._sputc)
    _sputc                                   0x08002fc7   Thumb Code    10  printfa.o(i._sputc)
    i.crc8_add                               0x08002fd0   Section        0  stm32l1xx_sht11.o(i.crc8_add)
    i.main                                   0x08002ff8   Section        0  main.o(i.main)
    i.prvAddCurrentTaskToDelayedList         0x08003238   Section        0  tasks.o(i.prvAddCurrentTaskToDelayedList)
    prvAddCurrentTaskToDelayedList           0x08003239   Thumb Code    62  tasks.o(i.prvAddCurrentTaskToDelayedList)
    i.prvAllocateTCBAndStack                 0x0800328c   Section        0  tasks.o(i.prvAllocateTCBAndStack)
    prvAllocateTCBAndStack                   0x0800328d   Thumb Code    58  tasks.o(i.prvAllocateTCBAndStack)
    i.prvCheckForValidListAndQueue           0x080032c8   Section        0  timers.o(i.prvCheckForValidListAndQueue)
    prvCheckForValidListAndQueue             0x080032c9   Thumb Code    72  timers.o(i.prvCheckForValidListAndQueue)
    i.prvCheckTasksWaitingTermination        0x0800332c   Section        0  tasks.o(i.prvCheckTasksWaitingTermination)
    prvCheckTasksWaitingTermination          0x0800332d   Thumb Code    86  tasks.o(i.prvCheckTasksWaitingTermination)
    i.prvCopyDataFromQueue                   0x08003390   Section        0  queue.o(i.prvCopyDataFromQueue)
    prvCopyDataFromQueue                     0x08003391   Thumb Code    48  queue.o(i.prvCopyDataFromQueue)
    i.prvCopyDataToQueue                     0x080033c0   Section        0  queue.o(i.prvCopyDataToQueue)
    prvCopyDataToQueue                       0x080033c1   Thumb Code   134  queue.o(i.prvCopyDataToQueue)
    i.prvDeleteTCB                           0x08003446   Section        0  tasks.o(i.prvDeleteTCB)
    prvDeleteTCB                             0x08003447   Thumb Code    18  tasks.o(i.prvDeleteTCB)
    i.prvGetNextExpireTime                   0x08003458   Section        0  timers.o(i.prvGetNextExpireTime)
    prvGetNextExpireTime                     0x08003459   Thumb Code    36  timers.o(i.prvGetNextExpireTime)
    i.prvHeapInit                            0x08003480   Section        0  heap_4.o(i.prvHeapInit)
    prvHeapInit                              0x08003481   Thumb Code    98  heap_4.o(i.prvHeapInit)
    i.prvIdleTask                            0x080034fc   Section        0  tasks.o(i.prvIdleTask)
    prvIdleTask                              0x080034fd   Thumb Code    24  tasks.o(i.prvIdleTask)
    i.prvInitialiseTCBVariables              0x08003518   Section        0  tasks.o(i.prvInitialiseTCBVariables)
    prvInitialiseTCBVariables                0x08003519   Thumb Code    90  tasks.o(i.prvInitialiseTCBVariables)
    i.prvInitialiseTaskLists                 0x08003574   Section        0  tasks.o(i.prvInitialiseTaskLists)
    prvInitialiseTaskLists                   0x08003575   Thumb Code    70  tasks.o(i.prvInitialiseTaskLists)
    i.prvInsertBlockIntoFreeList             0x080035dc   Section        0  heap_4.o(i.prvInsertBlockIntoFreeList)
    prvInsertBlockIntoFreeList               0x080035dd   Thumb Code    96  heap_4.o(i.prvInsertBlockIntoFreeList)
    i.prvInsertTimerInActiveList             0x08003644   Section        0  timers.o(i.prvInsertTimerInActiveList)
    prvInsertTimerInActiveList               0x08003645   Thumb Code    80  timers.o(i.prvInsertTimerInActiveList)
    i.prvIsQueueEmpty                        0x0800369c   Section        0  queue.o(i.prvIsQueueEmpty)
    prvIsQueueEmpty                          0x0800369d   Thumb Code    26  queue.o(i.prvIsQueueEmpty)
    i.prvIsQueueFull                         0x080036b6   Section        0  queue.o(i.prvIsQueueFull)
    prvIsQueueFull                           0x080036b7   Thumb Code    30  queue.o(i.prvIsQueueFull)
    i.prvProcessExpiredTimer                 0x080036d4   Section        0  timers.o(i.prvProcessExpiredTimer)
    prvProcessExpiredTimer                   0x080036d5   Thumb Code    72  timers.o(i.prvProcessExpiredTimer)
    i.prvProcessReceivedCommands             0x08003720   Section        0  timers.o(i.prvProcessReceivedCommands)
    prvProcessReceivedCommands               0x08003721   Thumb Code   186  timers.o(i.prvProcessReceivedCommands)
    i.prvProcessTimerOrBlockTask             0x080037e0   Section        0  timers.o(i.prvProcessTimerOrBlockTask)
    prvProcessTimerOrBlockTask               0x080037e1   Thumb Code    70  timers.o(i.prvProcessTimerOrBlockTask)
    i.prvResetNextTaskUnblockTime            0x0800382c   Section        0  tasks.o(i.prvResetNextTaskUnblockTime)
    prvResetNextTaskUnblockTime              0x0800382d   Thumb Code    42  tasks.o(i.prvResetNextTaskUnblockTime)
    i.prvSampleTimeNow                       0x08003860   Section        0  timers.o(i.prvSampleTimeNow)
    prvSampleTimeNow                         0x08003861   Thumb Code    40  timers.o(i.prvSampleTimeNow)
    i.prvSwitchTimerLists                    0x0800388c   Section        0  timers.o(i.prvSwitchTimerLists)
    prvSwitchTimerLists                      0x0800388d   Thumb Code   122  timers.o(i.prvSwitchTimerLists)
    i.prvTaskExitError                       0x08003910   Section        0  port.o(i.prvTaskExitError)
    prvTaskExitError                         0x08003911   Thumb Code     8  port.o(i.prvTaskExitError)
    i.prvTimerTask                           0x08003918   Section        0  timers.o(i.prvTimerTask)
    prvTimerTask                             0x08003919   Thumb Code    26  timers.o(i.prvTimerTask)
    i.prvUnlockQueue                         0x08003932   Section        0  queue.o(i.prvUnlockQueue)
    prvUnlockQueue                           0x08003933   Thumb Code   126  queue.o(i.prvUnlockQueue)
    i.pvPortMalloc                           0x080039b0   Section        0  heap_4.o(i.pvPortMalloc)
    i.pxPortInitialiseStack                  0x08003a8c   Section        0  port.o(i.pxPortInitialiseStack)
    i.rev8bits                               0x08003aac   Section        0  stm32l1xx_sht11.o(i.rev8bits)
    i.uxListRemove                           0x08003ad2   Section        0  list.o(i.uxListRemove)
    i.vApplicationIdleHook                   0x08003afa   Section        0  main.o(i.vApplicationIdleHook)
    i.vApplicationMallocFailedHook           0x08003afc   Section        0  main.o(i.vApplicationMallocFailedHook)
    i.vApplicationStackOverflowHook          0x08003b04   Section        0  main.o(i.vApplicationStackOverflowHook)
    i.vApplicationTickHook                   0x08003b0c   Section        0  main.o(i.vApplicationTickHook)
    i.vBL_Timer                              0x08003b10   Section        0  main.o(i.vBL_Timer)
    vBL_Timer                                0x08003b11   Thumb Code    30  main.o(i.vBL_Timer)
    i.vListInitialise                        0x08003b38   Section        0  list.o(i.vListInitialise)
    i.vListInitialiseItem                    0x08003b52   Section        0  list.o(i.vListInitialiseItem)
    i.vListInsert                            0x08003b58   Section        0  list.o(i.vListInsert)
    i.vListInsertEnd                         0x08003b8c   Section        0  list.o(i.vListInsertEnd)
    i.vPortEnterCritical                     0x08003ba4   Section        0  port.o(i.vPortEnterCritical)
    i.vPortExitCritical                      0x08003bc4   Section        0  port.o(i.vPortExitCritical)
    i.vPortFree                              0x08003be4   Section        0  heap_4.o(i.vPortFree)
    i.vPortSetupTimerInterrupt               0x08003c2c   Section        0  port.o(i.vPortSetupTimerInterrupt)
    i.vPortYield                             0x08003c4c   Section        0  port.o(i.vPortYield)
    i.vQueueAddToRegistry                    0x08003c64   Section        0  queue.o(i.vQueueAddToRegistry)
    i.vQueueWaitForMessageRestricted         0x08003c90   Section        0  queue.o(i.vQueueWaitForMessageRestricted)
    i.vTaskDecrementMutexHeldCount           0x08003ccc   Section        0  tasks.o(i.vTaskDecrementMutexHeldCount)
    i.vTaskDelay                             0x08003ce8   Section        0  tasks.o(i.vTaskDelay)
    i.vTaskIncrementMutexHeldCount           0x08003d3c   Section        0  tasks.o(i.vTaskIncrementMutexHeldCount)
    i.vTaskMissedYield                       0x08003d58   Section        0  tasks.o(i.vTaskMissedYield)
    i.vTaskPlaceOnEventList                  0x08003d64   Section        0  tasks.o(i.vTaskPlaceOnEventList)
    i.vTaskPlaceOnEventListRestricted        0x08003dc8   Section        0  tasks.o(i.vTaskPlaceOnEventListRestricted)
    i.vTaskPriorityInherit                   0x08003e18   Section        0  tasks.o(i.vTaskPriorityInherit)
    i.vTaskSetTimeOutState                   0x08003ec8   Section        0  tasks.o(i.vTaskSetTimeOutState)
    i.vTaskStartScheduler                    0x08003ee0   Section        0  tasks.o(i.vTaskStartScheduler)
    i.vTaskSuspendAll                        0x08003f34   Section        0  tasks.o(i.vTaskSuspendAll)
    i.vTaskSwitchContext                     0x08003f44   Section        0  tasks.o(i.vTaskSwitchContext)
    i.vTask_Buton                            0x08003fe4   Section        0  main.o(i.vTask_Buton)
    vTask_Buton                              0x08003fe5   Thumb Code   260  main.o(i.vTask_Buton)
    i.vTask_Buzzer                           0x08004134   Section        0  main.o(i.vTask_Buzzer)
    vTask_Buzzer                             0x08004135   Thumb Code    48  main.o(i.vTask_Buzzer)
    i.vTask_Encoder                          0x0800416c   Section        0  main.o(i.vTask_Encoder)
    vTask_Encoder                            0x0800416d   Thumb Code   150  main.o(i.vTask_Encoder)
    i.vTask_RTC                              0x0800422c   Section        0  main.o(i.vTask_RTC)
    vTask_RTC                                0x0800422d   Thumb Code   792  main.o(i.vTask_RTC)
    i.vTask_Sensor                           0x080045d8   Section        0  main.o(i.vTask_Sensor)
    vTask_Sensor                             0x080045d9   Thumb Code   958  main.o(i.vTask_Sensor)
    i.xPortStartScheduler                    0x080049f0   Section        0  port.o(i.xPortStartScheduler)
    i.xQueueCreateMutex                      0x08004a24   Section        0  queue.o(i.xQueueCreateMutex)
    i.xQueueGenericCreate                    0x08004a74   Section        0  queue.o(i.xQueueGenericCreate)
    i.xQueueGenericReceive                   0x08004ac2   Section        0  queue.o(i.xQueueGenericReceive)
    i.xQueueGenericReset                     0x08004bde   Section        0  queue.o(i.xQueueGenericReset)
    i.xQueueGenericSend                      0x08004c4c   Section        0  queue.o(i.xQueueGenericSend)
    i.xQueueGenericSendFromISR               0x08004d36   Section        0  queue.o(i.xQueueGenericSendFromISR)
    i.xTaskCheckForTimeOut                   0x08004da8   Section        0  tasks.o(i.xTaskCheckForTimeOut)
    i.xTaskGenericCreate                     0x08004e04   Section        0  tasks.o(i.xTaskGenericCreate)
    i.xTaskGetCurrentTaskHandle              0x08004f04   Section        0  tasks.o(i.xTaskGetCurrentTaskHandle)
    i.xTaskGetSchedulerState                 0x08004f10   Section        0  tasks.o(i.xTaskGetSchedulerState)
    i.xTaskGetTickCount                      0x08004f30   Section        0  tasks.o(i.xTaskGetTickCount)
    i.xTaskIncrementTick                     0x08004f48   Section        0  tasks.o(i.xTaskIncrementTick)
    i.xTaskPriorityDisinherit                0x08005074   Section        0  tasks.o(i.xTaskPriorityDisinherit)
    i.xTaskRemoveFromEventList               0x080050f0   Section        0  tasks.o(i.xTaskRemoveFromEventList)
    i.xTaskResumeAll                         0x08005170   Section        0  tasks.o(i.xTaskResumeAll)
    i.xTimerCreate                           0x0800524c   Section        0  timers.o(i.xTimerCreate)
    i.xTimerCreateTimerTask                  0x0800528c   Section        0  timers.o(i.xTimerCreateTimerTask)
    i.xTimerGenericCommand                   0x080052cc   Section        0  timers.o(i.xTimerGenericCommand)
    i.xTimerIsTimerActive                    0x08005338   Section        0  timers.o(i.xTimerIsTimerActive)
    .constdata                               0x08005358   Section       20  tasks.o(.constdata)
    ucExpectedStackBytes                     0x08005358   Data          20  tasks.o(.constdata)
    .constdata                               0x0800536c   Section     1682  stm32l1xx_lcd_st7522.o(.constdata)
    .data                                    0x20000000   Section       29  system_stm32l1xx.o(.data)
    .data                                    0x20000020   Section       56  tasks.o(.data)
    pxDelayedTaskList                        0x20000024   Data           4  tasks.o(.data)
    pxOverflowDelayedTaskList                0x20000028   Data           4  tasks.o(.data)
    uxTasksDeleted                           0x2000002c   Data           4  tasks.o(.data)
    uxCurrentNumberOfTasks                   0x20000030   Data           4  tasks.o(.data)
    xTickCount                               0x20000034   Data           4  tasks.o(.data)
    uxTopReadyPriority                       0x20000038   Data           4  tasks.o(.data)
    xSchedulerRunning                        0x2000003c   Data           4  tasks.o(.data)
    uxPendedTicks                            0x20000040   Data           4  tasks.o(.data)
    xYieldPending                            0x20000044   Data           4  tasks.o(.data)
    xNumOfOverflows                          0x20000048   Data           4  tasks.o(.data)
    uxTaskNumber                             0x2000004c   Data           4  tasks.o(.data)
    xNextTaskUnblockTime                     0x20000050   Data           4  tasks.o(.data)
    uxSchedulerSuspended                     0x20000054   Data           4  tasks.o(.data)
    .data                                    0x20000058   Section       16  timers.o(.data)
    pxCurrentTimerList                       0x20000058   Data           4  timers.o(.data)
    pxOverflowTimerList                      0x2000005c   Data           4  timers.o(.data)
    xTimerQueue                              0x20000060   Data           4  timers.o(.data)
    xLastTime                                0x20000064   Data           4  timers.o(.data)
    .data                                    0x20000068   Section        4  port.o(.data)
    uxCriticalNesting                        0x20000068   Data           4  port.o(.data)
    .data                                    0x2000006c   Section       24  heap_4.o(.data)
    xStart                                   0x2000006c   Data           8  heap_4.o(.data)
    pxEnd                                    0x20000074   Data           4  heap_4.o(.data)
    xFreeBytesRemaining                      0x20000078   Data           4  heap_4.o(.data)
    xMinimumEverFreeBytesRemaining           0x2000007c   Data           4  heap_4.o(.data)
    xBlockAllocatedBit                       0x20000080   Data           4  heap_4.o(.data)
    .data                                    0x20000084   Section       48  main.o(.data)
    .data                                    0x200000b4   Section        1  stm32l1xx_int_eeprom.o(.data)
    .bss                                     0x200000b8   Section       40  queue.o(.bss)
    .bss                                     0x200000e0   Section      200  tasks.o(.bss)
    pxReadyTasksLists                        0x200000e0   Data         100  tasks.o(.bss)
    xDelayedTaskList1                        0x20000144   Data          20  tasks.o(.bss)
    xDelayedTaskList2                        0x20000158   Data          20  tasks.o(.bss)
    xPendingReadyList                        0x2000016c   Data          20  tasks.o(.bss)
    xTasksWaitingTermination                 0x20000180   Data          20  tasks.o(.bss)
    xSuspendedTaskList                       0x20000194   Data          20  tasks.o(.bss)
    .bss                                     0x200001a8   Section       40  timers.o(.bss)
    xActiveTimerList1                        0x200001a8   Data          20  timers.o(.bss)
    xActiveTimerList2                        0x200001bc   Data          20  timers.o(.bss)
    .bss                                     0x200001d0   Section    28672  heap_4.o(.bss)
    ucHeap                                   0x200001d0   Data       28672  heap_4.o(.bss)
    .bss                                     0x200071d0   Section       32  main.o(.bss)
    STACK                                    0x200071f0   Section     1024  startup_stm32l1xx_hd.o(STACK)

    Global Symbols

    Symbol Name                              Value     Ov Type        Size  Object(Section)

    BuildAttributes$$THM_ISAv4$P$D$K$B$S$PE$A:L22UL41UL21$X:L11$S22US41US21$IEEE1$IW$USESV6$~STKCKD$USESV7$~SHL$OTIME$ROPI$EBA8$MICROLIB$REQ8$PRES8$EABIv2 0x00000000   Number         0  anon$$obj.o ABSOLUTE
    __ARM_use_no_argv                        0x00000000   Number         0  main.o ABSOLUTE
    _printf_a                                0x00000000   Number         0  stubs.o ABSOLUTE
    _printf_c                                0x00000000   Number         0  stubs.o ABSOLUTE
    _printf_charcount                        0x00000000   Number         0  stubs.o ABSOLUTE
    _printf_d                                0x00000000   Number         0  stubs.o ABSOLUTE
    _printf_e                                0x00000000   Number         0  stubs.o ABSOLUTE
    _printf_f                                0x00000000   Number         0  stubs.o ABSOLUTE
    _printf_flags                            0x00000000   Number         0  stubs.o ABSOLUTE
    _printf_fp_dec                           0x00000000   Number         0  stubs.o ABSOLUTE
    _printf_fp_hex                           0x00000000   Number         0  stubs.o ABSOLUTE
    _printf_g                                0x00000000   Number         0  stubs.o ABSOLUTE
    _printf_i                                0x00000000   Number         0  stubs.o ABSOLUTE
    _printf_int_dec                          0x00000000   Number         0  stubs.o ABSOLUTE
    _printf_l                                0x00000000   Number         0  stubs.o ABSOLUTE
    _printf_lc                               0x00000000   Number         0  stubs.o ABSOLUTE
    _printf_ll                               0x00000000   Number         0  stubs.o ABSOLUTE
    _printf_lld                              0x00000000   Number         0  stubs.o ABSOLUTE
    _printf_lli                              0x00000000   Number         0  stubs.o ABSOLUTE
    _printf_llo                              0x00000000   Number         0  stubs.o ABSOLUTE
    _printf_llu                              0x00000000   Number         0  stubs.o ABSOLUTE
    _printf_llx                              0x00000000   Number         0  stubs.o ABSOLUTE
    _printf_longlong_dec                     0x00000000   Number         0  stubs.o ABSOLUTE
    _printf_longlong_hex                     0x00000000   Number         0  stubs.o ABSOLUTE
    _printf_longlong_oct                     0x00000000   Number         0  stubs.o ABSOLUTE
    _printf_ls                               0x00000000   Number         0  stubs.o ABSOLUTE
    _printf_mbtowc                           0x00000000   Number         0  stubs.o ABSOLUTE
    _printf_n                                0x00000000   Number         0  stubs.o ABSOLUTE
    _printf_o                                0x00000000   Number         0  stubs.o ABSOLUTE
    _printf_p                                0x00000000   Number         0  stubs.o ABSOLUTE
    _printf_percent                          0x00000000   Number         0  stubs.o ABSOLUTE
    _printf_pre_padding                      0x00000000   Number         0  stubs.o ABSOLUTE
    _printf_return_value                     0x00000000   Number         0  stubs.o ABSOLUTE
    _printf_s                                0x00000000   Number         0  stubs.o ABSOLUTE
    _printf_sizespec                         0x00000000   Number         0  stubs.o ABSOLUTE
    _printf_str                              0x00000000   Number         0  stubs.o ABSOLUTE
    _printf_truncate_signed                  0x00000000   Number         0  stubs.o ABSOLUTE
    _printf_truncate_unsigned                0x00000000   Number         0  stubs.o ABSOLUTE
    _printf_u                                0x00000000   Number         0  stubs.o ABSOLUTE
    _printf_wc                               0x00000000   Number         0  stubs.o ABSOLUTE
    _printf_wctomb                           0x00000000   Number         0  stubs.o ABSOLUTE
    _printf_widthprec                        0x00000000   Number         0  stubs.o ABSOLUTE
    _printf_x                                0x00000000   Number         0  stubs.o ABSOLUTE
    __cpp_initialize__aeabi_                  - Undefined Weak Reference
    __cxa_finalize                            - Undefined Weak Reference
    __decompress                              - Undefined Weak Reference
    _clock_init                               - Undefined Weak Reference
    _microlib_exit                            - Undefined Weak Reference
    __Vectors_Size                           0x00000124   Number         0  startup_stm32l1xx_hd.o ABSOLUTE
    __Vectors                                0x08000000   Data           4  startup_stm32l1xx_hd.o(RESET)
    __Vectors_End                            0x08000124   Data           0  startup_stm32l1xx_hd.o(RESET)
    __main                                   0x08000125   Thumb Code     0  entry.o(.ARM.Collect$$$$00000000)
    _main_stk                                0x08000125   Thumb Code     0  entry2.o(.ARM.Collect$$$$00000001)
    _main_scatterload                        0x08000129   Thumb Code     0  entry5.o(.ARM.Collect$$$$00000004)
    __main_after_scatterload                 0x0800012d   Thumb Code     0  entry5.o(.ARM.Collect$$$$00000004)
    _main_clock                              0x0800012d   Thumb Code     0  entry7b.o(.ARM.Collect$$$$00000008)
    _main_cpp_init                           0x0800012d   Thumb Code     0  entry8b.o(.ARM.Collect$$$$0000000A)
    _main_init                               0x0800012d   Thumb Code     0  entry9a.o(.ARM.Collect$$$$0000000B)
    __rt_final_cpp                           0x08000135   Thumb Code     0  entry10a.o(.ARM.Collect$$$$0000000D)
    __rt_final_exit                          0x08000135   Thumb Code     0  entry11a.o(.ARM.Collect$$$$0000000F)
    SVC_Handler                              0x08000139   Thumb Code    32  port.o(.emb_text)
    __asm___6_port_c_39a90d8d__prvStartFirstTask 0x0800015d   Thumb Code    28  port.o(.emb_text)
    PendSV_Handler                           0x0800017d   Thumb Code    64  port.o(.emb_text)
    ulPortSetInterruptMask                   0x080001c1   Thumb Code    14  port.o(.emb_text)
    vPortClearInterruptMask                  0x080001cf   Thumb Code     6  port.o(.emb_text)
    vPortGetIPSR                             0x080001d5   Thumb Code     6  port.o(.emb_text)
    HardFault_Handler                        0x080001dd   Thumb Code    18  stm32l1xx_it.o(.emb_text)
    Reset_Handler                            0x080001f1   Thumb Code     8  startup_stm32l1xx_hd.o(.text)
    NMI_Handler                              0x080001f9   Thumb Code     2  startup_stm32l1xx_hd.o(.text)
    ADC1_IRQHandler                          0x0800020b   Thumb Code     0  startup_stm32l1xx_hd.o(.text)
    AES_IRQHandler                           0x0800020b   Thumb Code     0  startup_stm32l1xx_hd.o(.text)
    COMP_ACQ_IRQHandler                      0x0800020b   Thumb Code     0  startup_stm32l1xx_hd.o(.text)
    COMP_IRQHandler                          0x0800020b   Thumb Code     0  startup_stm32l1xx_hd.o(.text)
    DAC_IRQHandler                           0x0800020b   Thumb Code     0  startup_stm32l1xx_hd.o(.text)
    DMA1_Channel1_IRQHandler                 0x0800020b   Thumb Code     0  startup_stm32l1xx_hd.o(.text)
    DMA1_Channel2_IRQHandler                 0x0800020b   Thumb Code     0  startup_stm32l1xx_hd.o(.text)
    DMA1_Channel3_IRQHandler                 0x0800020b   Thumb Code     0  startup_stm32l1xx_hd.o(.text)
    DMA1_Channel4_IRQHandler                 0x0800020b   Thumb Code     0  startup_stm32l1xx_hd.o(.text)
    DMA1_Channel5_IRQHandler                 0x0800020b   Thumb Code     0  startup_stm32l1xx_hd.o(.text)
    DMA1_Channel6_IRQHandler                 0x0800020b   Thumb Code     0  startup_stm32l1xx_hd.o(.text)
    DMA1_Channel7_IRQHandler                 0x0800020b   Thumb Code     0  startup_stm32l1xx_hd.o(.text)
    DMA2_Channel1_IRQHandler                 0x0800020b   Thumb Code     0  startup_stm32l1xx_hd.o(.text)
    DMA2_Channel2_IRQHandler                 0x0800020b   Thumb Code     0  startup_stm32l1xx_hd.o(.text)
    DMA2_Channel3_IRQHandler                 0x0800020b   Thumb Code     0  startup_stm32l1xx_hd.o(.text)
    DMA2_Channel4_IRQHandler                 0x0800020b   Thumb Code     0  startup_stm32l1xx_hd.o(.text)
    DMA2_Channel5_IRQHandler                 0x0800020b   Thumb Code     0  startup_stm32l1xx_hd.o(.text)
    EXTI15_10_IRQHandler                     0x0800020b   Thumb Code     0  startup_stm32l1xx_hd.o(.text)
    EXTI1_IRQHandler                         0x0800020b   Thumb Code     0  startup_stm32l1xx_hd.o(.text)
    EXTI3_IRQHandler                         0x0800020b   Thumb Code     0  startup_stm32l1xx_hd.o(.text)
    EXTI4_IRQHandler                         0x0800020b   Thumb Code     0  startup_stm32l1xx_hd.o(.text)
    FLASH_IRQHandler                         0x0800020b   Thumb Code     0  startup_stm32l1xx_hd.o(.text)
    I2C1_ER_IRQHandler                       0x0800020b   Thumb Code     0  startup_stm32l1xx_hd.o(.text)
    I2C1_EV_IRQHandler                       0x0800020b   Thumb Code     0  startup_stm32l1xx_hd.o(.text)
    I2C2_ER_IRQHandler                       0x0800020b   Thumb Code     0  startup_stm32l1xx_hd.o(.text)
    I2C2_EV_IRQHandler                       0x0800020b   Thumb Code     0  startup_stm32l1xx_hd.o(.text)
    LCD_IRQHandler                           0x0800020b   Thumb Code     0  startup_stm32l1xx_hd.o(.text)
    PVD_IRQHandler                           0x0800020b   Thumb Code     0  startup_stm32l1xx_hd.o(.text)
    RCC_IRQHandler                           0x0800020b   Thumb Code     0  startup_stm32l1xx_hd.o(.text)
    RTC_Alarm_IRQHandler                     0x0800020b   Thumb Code     0  startup_stm32l1xx_hd.o(.text)
    SDIO_IRQHandler                          0x0800020b   Thumb Code     0  startup_stm32l1xx_hd.o(.text)
    SPI1_IRQHandler                          0x0800020b   Thumb Code     0  startup_stm32l1xx_hd.o(.text)
    SPI2_IRQHandler                          0x0800020b   Thumb Code     0  startup_stm32l1xx_hd.o(.text)
    SPI3_IRQHandler                          0x0800020b   Thumb Code     0  startup_stm32l1xx_hd.o(.text)
    TAMPER_STAMP_IRQHandler                  0x0800020b   Thumb Code     0  startup_stm32l1xx_hd.o(.text)
    TIM10_IRQHandler                         0x0800020b   Thumb Code     0  startup_stm32l1xx_hd.o(.text)
    TIM11_IRQHandler                         0x0800020b   Thumb Code     0  startup_stm32l1xx_hd.o(.text)
    TIM2_IRQHandler                          0x0800020b   Thumb Code     0  startup_stm32l1xx_hd.o(.text)
    TIM3_IRQHandler                          0x0800020b   Thumb Code     0  startup_stm32l1xx_hd.o(.text)
    TIM4_IRQHandler                          0x0800020b   Thumb Code     0  startup_stm32l1xx_hd.o(.text)
    TIM6_IRQHandler                          0x0800020b   Thumb Code     0  startup_stm32l1xx_hd.o(.text)
    TIM7_IRQHandler                          0x0800020b   Thumb Code     0  startup_stm32l1xx_hd.o(.text)
    TIM9_IRQHandler                          0x0800020b   Thumb Code     0  startup_stm32l1xx_hd.o(.text)
    UART4_IRQHandler                         0x0800020b   Thumb Code     0  startup_stm32l1xx_hd.o(.text)
    UART5_IRQHandler                         0x0800020b   Thumb Code     0  startup_stm32l1xx_hd.o(.text)
    USART1_IRQHandler                        0x0800020b   Thumb Code     0  startup_stm32l1xx_hd.o(.text)
    USART2_IRQHandler                        0x0800020b   Thumb Code     0  startup_stm32l1xx_hd.o(.text)
    USART3_IRQHandler                        0x0800020b   Thumb Code     0  startup_stm32l1xx_hd.o(.text)
    USB_FS_WKUP_IRQHandler                   0x0800020b   Thumb Code     0  startup_stm32l1xx_hd.o(.text)
    USB_HP_IRQHandler                        0x0800020b   Thumb Code     0  startup_stm32l1xx_hd.o(.text)
    USB_LP_IRQHandler                        0x0800020b   Thumb Code     0  startup_stm32l1xx_hd.o(.text)
    WWDG_IRQHandler                          0x0800020b   Thumb Code     0  startup_stm32l1xx_hd.o(.text)
    __aeabi_memcpy                           0x08000215   Thumb Code    36  memcpya.o(.text)
    __aeabi_memcpy4                          0x08000215   Thumb Code     0  memcpya.o(.text)
    __aeabi_memcpy8                          0x08000215   Thumb Code     0  memcpya.o(.text)
    __aeabi_memset                           0x08000239   Thumb Code    14  memseta.o(.text)
    __aeabi_memset4                          0x08000239   Thumb Code     0  memseta.o(.text)
    __aeabi_memset8                          0x08000239   Thumb Code     0  memseta.o(.text)
    __aeabi_memclr                           0x08000247   Thumb Code     4  memseta.o(.text)
    __aeabi_memclr4                          0x08000247   Thumb Code     0  memseta.o(.text)
    __aeabi_memclr8                          0x08000247   Thumb Code     0  memseta.o(.text)
    _memset$wrapper                          0x0800024b   Thumb Code    18  memseta.o(.text)
    memcmp                                   0x0800025d   Thumb Code    26  memcmp.o(.text)
    __aeabi_fadd                             0x08000277   Thumb Code   164  fadd.o(.text)
    __aeabi_fsub                             0x0800031b   Thumb Code     6  fadd.o(.text)
    __aeabi_frsub                            0x08000321   Thumb Code     6  fadd.o(.text)
    __aeabi_fmul                             0x08000327   Thumb Code   100  fmul.o(.text)
    __aeabi_dadd                             0x0800038b   Thumb Code   322  dadd.o(.text)
    __aeabi_dsub                             0x080004cd   Thumb Code     6  dadd.o(.text)
    __aeabi_drsub                            0x080004d3   Thumb Code     6  dadd.o(.text)
    __aeabi_dmul                             0x080004d9   Thumb Code   228  dmul.o(.text)
    __aeabi_i2f                              0x080005bd   Thumb Code    18  fflti.o(.text)
    __aeabi_ui2f                             0x080005cf   Thumb Code    10  ffltui.o(.text)
    __aeabi_i2d                              0x080005d9   Thumb Code    34  dflti.o(.text)
    __aeabi_ui2d                             0x080005fb   Thumb Code    26  dfltui.o(.text)
    __aeabi_f2uiz                            0x08000615   Thumb Code    40  ffixui.o(.text)
    __aeabi_f2d                              0x0800063d   Thumb Code    38  f2d.o(.text)
    __aeabi_cdcmpeq                          0x08000665   Thumb Code     0  cdcmple.o(.text)
    __aeabi_cdcmple                          0x08000665   Thumb Code    48  cdcmple.o(.text)
    __aeabi_cdrcmple                         0x08000695   Thumb Code    48  cdrcmple.o(.text)
    __aeabi_d2f                              0x080006c5   Thumb Code    56  d2f.o(.text)
    __aeabi_cfcmpeq                          0x080006fd   Thumb Code     0  cfcmple.o(.text)
    __aeabi_cfcmple                          0x080006fd   Thumb Code    20  cfcmple.o(.text)
    __aeabi_cfrcmple                         0x08000711   Thumb Code    20  cfrcmple.o(.text)
    __aeabi_uidiv                            0x08000725   Thumb Code     0  uidiv.o(.text)
    __aeabi_uidivmod                         0x08000725   Thumb Code    44  uidiv.o(.text)
    __aeabi_uldivmod                         0x08000751   Thumb Code    98  uldiv.o(.text)
    __aeabi_llsl                             0x080007b3   Thumb Code    30  llshl.o(.text)
    _ll_shift_l                              0x080007b3   Thumb Code     0  llshl.o(.text)
    __aeabi_lasr                             0x080007d1   Thumb Code    36  llsshr.o(.text)
    _ll_sshift_r                             0x080007d1   Thumb Code     0  llsshr.o(.text)
    __I$use$fp                               0x080007f5   Thumb Code     0  iusefp.o(.text)
    _float_round                             0x080007f5   Thumb Code    18  fepilogue.o(.text)
    _float_epilogue                          0x08000807   Thumb Code    92  fepilogue.o(.text)
    _double_round                            0x08000863   Thumb Code    30  depilogue.o(.text)
    _double_epilogue                         0x08000881   Thumb Code   156  depilogue.o(.text)
    __aeabi_ddiv                             0x0800091d   Thumb Code   222  ddiv.o(.text)
    __aeabi_d2ulz                            0x080009fb   Thumb Code    48  dfixul.o(.text)
    __scatterload                            0x08000a2d   Thumb Code    28  init.o(.text)
    __scatterload_rt2                        0x08000a2d   Thumb Code     0  init.o(.text)
    __aeabi_llsr                             0x08000a51   Thumb Code    32  llushr.o(.text)
    _ll_ushift_r                             0x08000a51   Thumb Code     0  llushr.o(.text)
    Backlight_Active                         0x08000a71   Thumb Code    36  main.o(i.Backlight_Active)
    BusFault_Handler                         0x08000a9d   Thumb Code     4  stm32l1xx_it.o(i.BusFault_Handler)
    DATA_EEPROM_Lock                         0x08000aa1   Thumb Code    14  stm32l1xx_flash.o(i.DATA_EEPROM_Lock)
    DATA_EEPROM_ProgramByte                  0x08000ab5   Thumb Code    34  stm32l1xx_flash.o(i.DATA_EEPROM_ProgramByte)
    DATA_EEPROM_Unlock                       0x08000ad9   Thumb Code    24  stm32l1xx_flash.o(i.DATA_EEPROM_Unlock)
    DBGMCU_Config                            0x08000afd   Thumb Code    26  stm32l1xx_dbgmcu.o(i.DBGMCU_Config)
    DHT11_Oku                                0x08000b1d   Thumb Code   516  stm32l1xx_dht11.o(i.DHT11_Oku)
    DHT_Delay100Us                           0x08000d2d   Thumb Code   216  stm32l1xx_dht11.o(i.DHT_Delay100Us)
    DebugMon_Handler                         0x08000e05   Thumb Code     4  stm32l1xx_it.o(i.DebugMon_Handler)
    Display_String_Yaz                       0x08000e09   Thumb Code    56  stm32l1xx_lcd_st7522.o(i.Display_String_Yaz)
    EXTI0_IRQHandler                         0x08000e49   Thumb Code    24  stm32l1xx_it.o(i.EXTI0_IRQHandler)
    EXTI2_IRQHandler                         0x08000e65   Thumb Code    24  stm32l1xx_it.o(i.EXTI2_IRQHandler)
    EXTI9_5_IRQHandler                       0x08000e81   Thumb Code    48  stm32l1xx_it.o(i.EXTI9_5_IRQHandler)
    EXTI_ClearITPendingBit                   0x08000ebd   Thumb Code     6  stm32l1xx_exti.o(i.EXTI_ClearITPendingBit)
    EXTI_Init                                0x08000ec9   Thumb Code   142  stm32l1xx_exti.o(i.EXTI_Init)
    FLASH_ClearFlag                          0x08000f5d   Thumb Code     6  stm32l1xx_flash.o(i.FLASH_ClearFlag)
    FLASH_GetStatus                          0x08000f69   Thumb Code    48  stm32l1xx_flash.o(i.FLASH_GetStatus)
    FLASH_WaitForLastOperation               0x08000f9d   Thumb Code    48  stm32l1xx_flash.o(i.FLASH_WaitForLastOperation)
    GPIO_Init                                0x08000fcd   Thumb Code   144  stm32l1xx_gpio.o(i.GPIO_Init)
    GPIO_PinAFConfig                         0x0800105d   Thumb Code    70  stm32l1xx_gpio.o(i.GPIO_PinAFConfig)
    GPIO_ReadOutputDataBit                   0x080010a3   Thumb Code    18  stm32l1xx_gpio.o(i.GPIO_ReadOutputDataBit)
    GPIO_ResetBits                           0x080010b5   Thumb Code     4  stm32l1xx_gpio.o(i.GPIO_ResetBits)
    GPIO_SetBits                             0x080010b9   Thumb Code     4  stm32l1xx_gpio.o(i.GPIO_SetBits)
    Get_Float_Backup                         0x080010bd   Thumb Code    40  main.o(i.Get_Float_Backup)
    HW_Setup                                 0x080010e5   Thumb Code  1144  hw_init.o(i.HW_Setup)
    HardFault_Handler_C                      0x08001589   Thumb Code    34  stm32l1xx_it.o(i.HardFault_Handler_C)
    IWDG_Enable                              0x080015ad   Thumb Code    10  stm32l1xx_iwdg.o(i.IWDG_Enable)
    IWDG_ReloadCounter                       0x080015bd   Thumb Code    10  stm32l1xx_iwdg.o(i.IWDG_ReloadCounter)
    IWDG_SetPrescaler                        0x080015cd   Thumb Code     6  stm32l1xx_iwdg.o(i.IWDG_SetPrescaler)
    IWDG_SetReload                           0x080015d9   Thumb Code     6  stm32l1xx_iwdg.o(i.IWDG_SetReload)
    IWDG_WriteAccessCmd                      0x080015e5   Thumb Code     6  stm32l1xx_iwdg.o(i.IWDG_WriteAccessCmd)
    Ikon_Durum                               0x080015f1   Thumb Code    46  stm32l1xx_lcd_st7522.o(i.Ikon_Durum)
    Int_Eeprom_ReadStr                       0x08001621   Thumb Code    28  stm32l1xx_int_eeprom.o(i.Int_Eeprom_ReadStr)
    Int_Eeprom_WriteStr                      0x08001641   Thumb Code    88  stm32l1xx_int_eeprom.o(i.Int_Eeprom_WriteStr)
    Komut_Gon                                0x080016a1   Thumb Code    76  stm32l1xx_lcd_st7522.o(i.Komut_Gon)
    Lcd_Clear                                0x080016f1   Thumb Code    96  stm32l1xx_lcd_st7522.o(i.Lcd_Clear)
    Lcd_Contrast                             0x08001755   Thumb Code    18  stm32l1xx_lcd_st7522.o(i.Lcd_Contrast)
    Lcd_Init                                 0x08001769   Thumb Code   122  stm32l1xx_lcd_st7522.o(i.Lcd_Init)
    Lcd_Invert_Str                           0x080017f1   Thumb Code   250  stm32l1xx_lcd_st7522.o(i.Lcd_Invert_Str)
    Lcd_Pin_Init                             0x080018f1   Thumb Code   100  stm32l1xx_lcd_st7522.o(i.Lcd_Pin_Init)
    Lcd_Str                                  0x0800195d   Thumb Code   246  stm32l1xx_lcd_st7522.o(i.Lcd_Str)
    Lcd_Underline_Str                        0x08001a59   Thumb Code   250  stm32l1xx_lcd_st7522.o(i.Lcd_Underline_Str)
    MemManage_Handler                        0x08001b59   Thumb Code     4  stm32l1xx_it.o(i.MemManage_Handler)
    NVIC_Init                                0x08001b5d   Thumb Code   106  misc.o(i.NVIC_Init)
    PWR_RTCAccessCmd                         0x08001bd5   Thumb Code     6  stm32l1xx_pwr.o(i.PWR_RTCAccessCmd)
    PWR_UltraLowPowerCmd                     0x08001be1   Thumb Code     6  stm32l1xx_pwr.o(i.PWR_UltraLowPowerCmd)
    RCC_AHBPeriphClockCmd                    0x08001bed   Thumb Code    26  stm32l1xx_rcc.o(i.RCC_AHBPeriphClockCmd)
    RCC_APB1PeriphClockCmd                   0x08001c0d   Thumb Code    26  stm32l1xx_rcc.o(i.RCC_APB1PeriphClockCmd)
    RCC_APB2PeriphClockCmd                   0x08001c2d   Thumb Code    26  stm32l1xx_rcc.o(i.RCC_APB2PeriphClockCmd)
    RCC_ClockSecuritySystemCmd               0x08001c4d   Thumb Code     6  stm32l1xx_rcc.o(i.RCC_ClockSecuritySystemCmd)
    RCC_GetFlagStatus                        0x08001c59   Thumb Code    48  stm32l1xx_rcc.o(i.RCC_GetFlagStatus)
    RCC_LSEClockSecuritySystemCmd            0x08001c8d   Thumb Code     6  stm32l1xx_rcc.o(i.RCC_LSEClockSecuritySystemCmd)
    RCC_LSEConfig                            0x08001c99   Thumb Code    12  stm32l1xx_rcc.o(i.RCC_LSEConfig)
    RCC_LSICmd                               0x08001ca9   Thumb Code     6  stm32l1xx_rcc.o(i.RCC_LSICmd)
    RCC_RTCCLKCmd                            0x08001cb5   Thumb Code     6  stm32l1xx_rcc.o(i.RCC_RTCCLKCmd)
    RCC_RTCCLKConfig                         0x08001cc1   Thumb Code    64  stm32l1xx_rcc.o(i.RCC_RTCCLKConfig)
    RCC_RTCResetCmd                          0x08001d05   Thumb Code     6  stm32l1xx_rcc.o(i.RCC_RTCResetCmd)
    RTC_ClearITPendingBit                    0x08001d11   Thumb Code    28  stm32l1xx_rtc.o(i.RTC_ClearITPendingBit)
    RTC_ITConfig                             0x08001d31   Thumb Code    94  stm32l1xx_rtc.o(i.RTC_ITConfig)
    RTC_ReadBackupRegister                   0x08001d95   Thumb Code    26  stm32l1xx_rtc.o(i.RTC_ReadBackupRegister)
    RTC_SetWakeUpCounter                     0x08001db5   Thumb Code    22  stm32l1xx_rtc.o(i.RTC_SetWakeUpCounter)
    RTC_WKUP_IRQHandler                      0x08001dd1   Thumb Code    34  stm32l1xx_it.o(i.RTC_WKUP_IRQHandler)
    RTC_WaitForSynchro                       0x08001df9   Thumb Code    92  stm32l1xx_rtc.o(i.RTC_WaitForSynchro)
    RTC_WakeUpClockConfig                    0x08001e59   Thumb Code    42  stm32l1xx_rtc.o(i.RTC_WakeUpClockConfig)
    RTC_WakeUpCmd                            0x08001e89   Thumb Code   116  stm32l1xx_rtc.o(i.RTC_WakeUpCmd)
    RTC_WriteBackupRegister                  0x08001f01   Thumb Code    24  stm32l1xx_rtc.o(i.RTC_WriteBackupRegister)
    SHT11_Ack                                0x08001f1d   Thumb Code    42  stm32l1xx_sht11.o(i.SHT11_Ack)
    SHT11_Gonder8Bit                         0x08001f4d   Thumb Code    58  stm32l1xx_sht11.o(i.SHT11_Gonder8Bit)
    SHT11_Hesapla                            0x08001f8d   Thumb Code   186  stm32l1xx_sht11.o(i.SHT11_Hesapla)
    SHT11_NAck                               0x0800207d   Thumb Code    50  stm32l1xx_sht11.o(i.SHT11_NAck)
    SHT11_Oku                                0x080020b5   Thumb Code    60  stm32l1xx_sht11.o(i.SHT11_Oku)
    SHT11_Oku8Bit                            0x080020f1   Thumb Code    52  stm32l1xx_sht11.o(i.SHT11_Oku8Bit)
    SHT11_Paket_Al                           0x08002129   Thumb Code   182  stm32l1xx_sht11.o(i.SHT11_Paket_Al)
    SHT11_Reset                              0x080021e5   Thumb Code    46  stm32l1xx_sht11.o(i.SHT11_Reset)
    SHT11_Start                              0x08002219   Thumb Code   108  stm32l1xx_sht11.o(i.SHT11_Start)
    SYSCFG_EXTILineConfig                    0x08002289   Thumb Code    60  stm32l1xx_syscfg.o(i.SYSCFG_EXTILineConfig)
    SetSysClock                              0x080022c9   Thumb Code   184  system_stm32l1xx.o(i.SetSysClock)
    Set_Float_Backup                         0x0800238d   Thumb Code    50  main.o(i.Set_Float_Backup)
    SysTick_Handler                          0x080023c1   Thumb Code    28  port.o(i.SysTick_Handler)
    SystemInit                               0x080023e1   Thumb Code    88  system_stm32l1xx.o(i.SystemInit)
    TIM5_IRQHandler                          0x08002449   Thumb Code    86  stm32l1xx_it.o(i.TIM5_IRQHandler)
    TIM_ARRPreloadConfig                     0x080024a9   Thumb Code    24  stm32l1xx_tim.o(i.TIM_ARRPreloadConfig)
    TIM_ClearITPendingBit                    0x080024c1   Thumb Code     6  stm32l1xx_tim.o(i.TIM_ClearITPendingBit)
    TIM_Cmd                                  0x080024c7   Thumb Code    24  stm32l1xx_tim.o(i.TIM_Cmd)
    TIM_EncoderInterfaceConfig               0x080024df   Thumb Code    66  stm32l1xx_tim.o(i.TIM_EncoderInterfaceConfig)
    TIM_ITConfig                             0x08002521   Thumb Code    18  stm32l1xx_tim.o(i.TIM_ITConfig)
    TIM_TimeBaseInit                         0x08002535   Thumb Code    76  stm32l1xx_tim.o(i.TIM_TimeBaseInit)
    The_Pin_Init                             0x08002595   Thumb Code    50  stm32l1xx_lcd_st7522.o(i.The_Pin_Init)
    TurkceCevir                              0x080025c7   Thumb Code   150  stm32l1xx_lcd_st7522.o(i.TurkceCevir)
    UsageFault_Handler                       0x0800265d   Thumb Code     4  stm32l1xx_it.o(i.UsageFault_Handler)
    Veri_Gon                                 0x08002661   Thumb Code    98  stm32l1xx_lcd_st7522.o(i.Veri_Gon)
    __0sprintf                               0x080026c9   Thumb Code    34  printfa.o(i.__0sprintf)
    __1sprintf                               0x080026c9   Thumb Code     0  printfa.o(i.__0sprintf)
    __2sprintf                               0x080026c9   Thumb Code     0  printfa.o(i.__0sprintf)
    __c89sprintf                             0x080026c9   Thumb Code     0  printfa.o(i.__0sprintf)
    sprintf                                  0x080026c9   Thumb Code     0  printfa.o(i.__0sprintf)
    __scatterload_copy                       0x080026f1   Thumb Code    14  handlers.o(i.__scatterload_copy)
    __scatterload_null                       0x080026ff   Thumb Code     2  handlers.o(i.__scatterload_null)
    __scatterload_zeroinit                   0x08002701   Thumb Code    14  handlers.o(i.__scatterload_zeroinit)
    crc8_add                                 0x08002fd1   Thumb Code    40  stm32l1xx_sht11.o(i.crc8_add)
    main                                     0x08002ff9   Thumb Code   448  main.o(i.main)
    pvPortMalloc                             0x080039b1   Thumb Code   198  heap_4.o(i.pvPortMalloc)
    pxPortInitialiseStack                    0x08003a8d   Thumb Code    26  port.o(i.pxPortInitialiseStack)
    rev8bits                                 0x08003aad   Thumb Code    38  stm32l1xx_sht11.o(i.rev8bits)
    uxListRemove                             0x08003ad3   Thumb Code    40  list.o(i.uxListRemove)
    vApplicationIdleHook                     0x08003afb   Thumb Code     2  main.o(i.vApplicationIdleHook)
    vApplicationMallocFailedHook             0x08003afd   Thumb Code     8  main.o(i.vApplicationMallocFailedHook)
    vApplicationStackOverflowHook            0x08003b05   Thumb Code     8  main.o(i.vApplicationStackOverflowHook)
    vApplicationTickHook                     0x08003b0d   Thumb Code     2  main.o(i.vApplicationTickHook)
    vListInitialise                          0x08003b39   Thumb Code    26  list.o(i.vListInitialise)
    vListInitialiseItem                      0x08003b53   Thumb Code     6  list.o(i.vListInitialiseItem)
    vListInsert                              0x08003b59   Thumb Code    52  list.o(i.vListInsert)
    vListInsertEnd                           0x08003b8d   Thumb Code    24  list.o(i.vListInsertEnd)
    vPortEnterCritical                       0x08003ba5   Thumb Code    26  port.o(i.vPortEnterCritical)
    vPortExitCritical                        0x08003bc5   Thumb Code    26  port.o(i.vPortExitCritical)
    vPortFree                                0x08003be5   Thumb Code    64  heap_4.o(i.vPortFree)
    vPortSetupTimerInterrupt                 0x08003c2d   Thumb Code    26  port.o(i.vPortSetupTimerInterrupt)
    vPortYield                               0x08003c4d   Thumb Code    18  port.o(i.vPortYield)
    vQueueAddToRegistry                      0x08003c65   Thumb Code    38  queue.o(i.vQueueAddToRegistry)
    vQueueWaitForMessageRestricted           0x08003c91   Thumb Code    58  queue.o(i.vQueueWaitForMessageRestricted)
    vTaskDecrementMutexHeldCount             0x08003ccd   Thumb Code    22  tasks.o(i.vTaskDecrementMutexHeldCount)
    vTaskDelay                               0x08003ce9   Thumb Code    72  tasks.o(i.vTaskDelay)
    vTaskIncrementMutexHeldCount             0x08003d3d   Thumb Code    22  tasks.o(i.vTaskIncrementMutexHeldCount)
    vTaskMissedYield                         0x08003d59   Thumb Code     8  tasks.o(i.vTaskMissedYield)
    vTaskPlaceOnEventList                    0x08003d65   Thumb Code    84  tasks.o(i.vTaskPlaceOnEventList)
    vTaskPlaceOnEventListRestricted          0x08003dc9   Thumb Code    66  tasks.o(i.vTaskPlaceOnEventListRestricted)
    vTaskPriorityInherit                     0x08003e19   Thumb Code   164  tasks.o(i.vTaskPriorityInherit)
    vTaskSetTimeOutState                     0x08003ec9   Thumb Code    14  tasks.o(i.vTaskSetTimeOutState)
    vTaskStartScheduler                      0x08003ee1   Thumb Code    62  tasks.o(i.vTaskStartScheduler)
    vTaskSuspendAll                          0x08003f35   Thumb Code    12  tasks.o(i.vTaskSuspendAll)
    vTaskSwitchContext                       0x08003f45   Thumb Code   134  tasks.o(i.vTaskSwitchContext)
    xPortStartScheduler                      0x080049f1   Thumb Code    42  port.o(i.xPortStartScheduler)
    xQueueCreateMutex                        0x08004a25   Thumb Code    80  queue.o(i.xQueueCreateMutex)
    xQueueGenericCreate                      0x08004a75   Thumb Code    78  queue.o(i.xQueueGenericCreate)
    xQueueGenericReceive                     0x08004ac3   Thumb Code   284  queue.o(i.xQueueGenericReceive)
    xQueueGenericReset                       0x08004bdf   Thumb Code   110  queue.o(i.xQueueGenericReset)
    xQueueGenericSend                        0x08004c4d   Thumb Code   234  queue.o(i.xQueueGenericSend)
    xQueueGenericSendFromISR                 0x08004d37   Thumb Code   114  queue.o(i.xQueueGenericSendFromISR)
    xTaskCheckForTimeOut                     0x08004da9   Thumb Code    84  tasks.o(i.xTaskCheckForTimeOut)
    xTaskGenericCreate                       0x08004e05   Thumb Code   232  tasks.o(i.xTaskGenericCreate)
    xTaskGetCurrentTaskHandle                0x08004f05   Thumb Code     6  tasks.o(i.xTaskGetCurrentTaskHandle)
    xTaskGetSchedulerState                   0x08004f11   Thumb Code    24  tasks.o(i.xTaskGetSchedulerState)
    xTaskGetTickCount                        0x08004f31   Thumb Code    18  tasks.o(i.xTaskGetTickCount)
    xTaskIncrementTick                       0x08004f49   Thumb Code   256  tasks.o(i.xTaskIncrementTick)
    xTaskPriorityDisinherit                  0x08005075   Thumb Code   116  tasks.o(i.xTaskPriorityDisinherit)
    xTaskRemoveFromEventList                 0x080050f1   Thumb Code   104  tasks.o(i.xTaskRemoveFromEventList)
    xTaskResumeAll                           0x08005171   Thumb Code   186  tasks.o(i.xTaskResumeAll)
    xTimerCreate                             0x0800524d   Thumb Code    62  timers.o(i.xTimerCreate)
    xTimerCreateTimerTask                    0x0800528d   Thumb Code    46  timers.o(i.xTimerCreateTimerTask)
    xTimerGenericCommand                     0x080052cd   Thumb Code   102  timers.o(i.xTimerGenericCommand)
    xTimerIsTimerActive                      0x08005339   Thumb Code    32  timers.o(i.xTimerIsTimerActive)
    display1_8                               0x0800536c   Data           7  stm32l1xx_lcd_st7522.o(.constdata)
    display2_8                               0x08005373   Data           7  stm32l1xx_lcd_st7522.o(.constdata)
    display3_8                               0x0800537a   Data           7  stm32l1xx_lcd_st7522.o(.constdata)
    display4_8                               0x08005381   Data           7  stm32l1xx_lcd_st7522.o(.constdata)
    display5_8                               0x08005388   Data           7  stm32l1xx_lcd_st7522.o(.constdata)
    display6_8                               0x0800538f   Data           7  stm32l1xx_lcd_st7522.o(.constdata)
    pointer_display                          0x08005398   Data          24  stm32l1xx_lcd_st7522.o(.constdata)
    rakam0                                   0x080053b0   Data           7  stm32l1xx_lcd_st7522.o(.constdata)
    rakam1                                   0x080053b7   Data           7  stm32l1xx_lcd_st7522.o(.constdata)
    rakam2                                   0x080053be   Data           7  stm32l1xx_lcd_st7522.o(.constdata)
    rakam3                                   0x080053c5   Data           7  stm32l1xx_lcd_st7522.o(.constdata)
    rakam4                                   0x080053cc   Data           7  stm32l1xx_lcd_st7522.o(.constdata)
    rakam5                                   0x080053d3   Data           7  stm32l1xx_lcd_st7522.o(.constdata)
    rakam6                                   0x080053da   Data           7  stm32l1xx_lcd_st7522.o(.constdata)
    rakam7                                   0x080053e1   Data           7  stm32l1xx_lcd_st7522.o(.constdata)
    rakam8                                   0x080053e8   Data           7  stm32l1xx_lcd_st7522.o(.constdata)
    rakam9                                   0x080053ef   Data           7  stm32l1xx_lcd_st7522.o(.constdata)
    bos                                      0x080053f6   Data           7  stm32l1xx_lcd_st7522.o(.constdata)
    pointer_rakam                            0x08005400   Data          44  stm32l1xx_lcd_st7522.o(.constdata)
    Lcd_Komutlari                            0x0800542c   Data          12  stm32l1xx_lcd_st7522.o(.constdata)
    Rakam_Tablo_Big_Ust                      0x08005438   Data         220  stm32l1xx_lcd_st7522.o(.constdata)
    Rakam_Tablo_Big_Alt                      0x08005514   Data         220  stm32l1xx_lcd_st7522.o(.constdata)
    Karakter_Tablo                           0x080055f0   Data         666  stm32l1xx_lcd_st7522.o(.constdata)
    Karakter_Tablo2                          0x0800588a   Data         372  stm32l1xx_lcd_st7522.o(.constdata)
    Region$$Table$$Base                      0x08005a00   Number         0  anon$$obj.o(Region$$Table)
    Region$$Table$$Limit                     0x08005a20   Number         0  anon$$obj.o(Region$$Table)
    SystemCoreClock                          0x20000000   Data           4  system_stm32l1xx.o(.data)
    PLLMulTable                              0x20000004   Data           9  system_stm32l1xx.o(.data)
    AHBPrescTable                            0x2000000d   Data          16  system_stm32l1xx.o(.data)
    pxCurrentTCB                             0x20000020   Data           4  tasks.o(.data)
    Setting_Mode                             0x20000084   Data           1  main.o(.data)
    Encoder_Value                            0x20000088   Data           4  main.o(.data)
    RTC_Second                               0x2000008c   Data           4  main.o(.data)
    RTC_Saat                                 0x20000090   Data           1  main.o(.data)
    RTC_Gun                                  0x20000091   Data           1  main.o(.data)
    Dimmer                                   0x20000092   Data           1  main.o(.data)
    xMeasureSemaphore                        0x20000094   Data           4  main.o(.data)
    xMutex_Display                           0x20000098   Data           4  main.o(.data)
    xEncoderSemaphore                        0x2000009c   Data           4  main.o(.data)
    xButonSemaphore                          0x200000a0   Data           4  main.o(.data)
    xBuzzerSemaphore                         0x200000a4   Data           4  main.o(.data)
    xRTCSemaphore                            0x200000a8   Data           4  main.o(.data)
    xQueue                                   0x200000ac   Data           4  main.o(.data)
    BL_Timer                                 0x200000b0   Data           4  main.o(.data)
    FLASHStatus                              0x200000b4   Data           1  stm32l1xx_int_eeprom.o(.data)
    xQueueRegistry                           0x200000b8   Data          40  queue.o(.bss)
    Display_Buffer                           0x200071d0   Data          32  main.o(.bss)
    __initial_sp                             0x200075f0   Data           0  startup_stm32l1xx_hd.o(STACK)



==============================================================================

Memory Map of the image

  Image Entry point : 0x08000125

  Load Region LR_IROM1 (Base: 0x08000000, Size: 0x00005ad8, Max: 0x00060000, ABSOLUTE)

    Execution Region ER_IROM1 (Exec base: 0x08000000, Load base: 0x08000000, Size: 0x00005a20, Max: 0x00060000, ABSOLUTE)

    Exec Addr    Load Addr    Size         Type   Attr      Idx    E Section Name        Object

    0x08000000   0x08000000   0x00000124   Data   RO          105    RESET               startup_stm32l1xx_hd.o
    0x08000124   0x08000124   0x00000000   Code   RO         3799  * .ARM.Collect$$$$00000000  mc_w.l(entry.o)
    0x08000124   0x08000124   0x00000004   Code   RO         4101    .ARM.Collect$$$$00000001  mc_w.l(entry2.o)
    0x08000128   0x08000128   0x00000004   Code   RO         4104    .ARM.Collect$$$$00000004  mc_w.l(entry5.o)
    0x0800012c   0x0800012c   0x00000000   Code   RO         4106    .ARM.Collect$$$$00000008  mc_w.l(entry7b.o)
    0x0800012c   0x0800012c   0x00000000   Code   RO         4108    .ARM.Collect$$$$0000000A  mc_w.l(entry8b.o)
    0x0800012c   0x0800012c   0x00000008   Code   RO         4109    .ARM.Collect$$$$0000000B  mc_w.l(entry9a.o)
    0x08000134   0x08000134   0x00000000   Code   RO         4111    .ARM.Collect$$$$0000000D  mc_w.l(entry10a.o)
    0x08000134   0x08000134   0x00000000   Code   RO         4113    .ARM.Collect$$$$0000000F  mc_w.l(entry11a.o)
    0x08000134   0x08000134   0x00000004   Code   RO         4102    .ARM.Collect$$$$00002712  mc_w.l(entry2.o)
    0x08000138   0x08000138   0x000000a2   Code   RO          807    .emb_text           port.o
    0x080001da   0x080001da   0x00000002   PAD
    0x080001dc   0x080001dc   0x00000012   Code   RO         1382    .emb_text           stm32l1xx_it.o
    0x080001ee   0x080001ee   0x00000002   PAD
    0x080001f0   0x080001f0   0x00000024   Code   RO          106    .text               startup_stm32l1xx_hd.o
    0x08000214   0x08000214   0x00000024   Code   RO         3802    .text               mc_w.l(memcpya.o)
    0x08000238   0x08000238   0x00000024   Code   RO         3804    .text               mc_w.l(memseta.o)
    0x0800025c   0x0800025c   0x0000001a   Code   RO         3806    .text               mc_w.l(memcmp.o)
    0x08000276   0x08000276   0x000000b0   Code   RO         4071    .text               mf_w.l(fadd.o)
    0x08000326   0x08000326   0x00000064   Code   RO         4073    .text               mf_w.l(fmul.o)
    0x0800038a   0x0800038a   0x0000014e   Code   RO         4075    .text               mf_w.l(dadd.o)
    0x080004d8   0x080004d8   0x000000e4   Code   RO         4077    .text               mf_w.l(dmul.o)
    0x080005bc   0x080005bc   0x00000012   Code   RO         4079    .text               mf_w.l(fflti.o)
    0x080005ce   0x080005ce   0x0000000a   Code   RO         4081    .text               mf_w.l(ffltui.o)
    0x080005d8   0x080005d8   0x00000022   Code   RO         4083    .text               mf_w.l(dflti.o)
    0x080005fa   0x080005fa   0x0000001a   Code   RO         4085    .text               mf_w.l(dfltui.o)
    0x08000614   0x08000614   0x00000028   Code   RO         4087    .text               mf_w.l(ffixui.o)
    0x0800063c   0x0800063c   0x00000026   Code   RO         4089    .text               mf_w.l(f2d.o)
    0x08000662   0x08000662   0x00000002   PAD
    0x08000664   0x08000664   0x00000030   Code   RO         4091    .text               mf_w.l(cdcmple.o)
    0x08000694   0x08000694   0x00000030   Code   RO         4093    .text               mf_w.l(cdrcmple.o)
    0x080006c4   0x080006c4   0x00000038   Code   RO         4095    .text               mf_w.l(d2f.o)
    0x080006fc   0x080006fc   0x00000014   Code   RO         4097    .text               mf_w.l(cfcmple.o)
    0x08000710   0x08000710   0x00000014   Code   RO         4099    .text               mf_w.l(cfrcmple.o)
    0x08000724   0x08000724   0x0000002c   Code   RO         4118    .text               mc_w.l(uidiv.o)
    0x08000750   0x08000750   0x00000062   Code   RO         4120    .text               mc_w.l(uldiv.o)
    0x080007b2   0x080007b2   0x0000001e   Code   RO         4122    .text               mc_w.l(llshl.o)
    0x080007d0   0x080007d0   0x00000024   Code   RO         4124    .text               mc_w.l(llsshr.o)
    0x080007f4   0x080007f4   0x00000000   Code   RO         4126    .text               mc_w.l(iusefp.o)
    0x080007f4   0x080007f4   0x0000006e   Code   RO         4127    .text               mf_w.l(fepilogue.o)
    0x08000862   0x08000862   0x000000ba   Code   RO         4129    .text               mf_w.l(depilogue.o)
    0x0800091c   0x0800091c   0x000000de   Code   RO         4131    .text               mf_w.l(ddiv.o)
    0x080009fa   0x080009fa   0x00000030   Code   RO         4133    .text               mf_w.l(dfixul.o)
    0x08000a2a   0x08000a2a   0x00000002   PAD
    0x08000a2c   0x08000a2c   0x00000024   Code   RO         4135    .text               mc_w.l(init.o)
    0x08000a50   0x08000a50   0x00000020   Code   RO         4138    .text               mc_w.l(llushr.o)
    0x08000a70   0x08000a70   0x0000002c   Code   RO         1228    i.Backlight_Active  main.o
    0x08000a9c   0x08000a9c   0x00000004   Code   RO         1383    i.BusFault_Handler  stm32l1xx_it.o
    0x08000aa0   0x08000aa0   0x00000014   Code   RO         3436    i.DATA_EEPROM_Lock  stm32l1xx_flash.o
    0x08000ab4   0x08000ab4   0x00000022   Code   RO         3437    i.DATA_EEPROM_ProgramByte  stm32l1xx_flash.o
    0x08000ad6   0x08000ad6   0x00000002   PAD
    0x08000ad8   0x08000ad8   0x00000024   Code   RO         3440    i.DATA_EEPROM_Unlock  stm32l1xx_flash.o
    0x08000afc   0x08000afc   0x00000020   Code   RO         3387    i.DBGMCU_Config     stm32l1xx_dbgmcu.o
    0x08000b1c   0x08000b1c   0x00000210   Code   RO         1735    i.DHT11_Oku         stm32l1xx_dht11.o
    0x08000d2c   0x08000d2c   0x000000d8   Code   RO         1736    i.DHT_Delay100Us    stm32l1xx_dht11.o
    0x08000e04   0x08000e04   0x00000004   Code   RO         1384    i.DebugMon_Handler  stm32l1xx_it.o
    0x08000e08   0x08000e08   0x00000040   Code   RO         1514    i.Display_String_Yaz  stm32l1xx_lcd_st7522.o
    0x08000e48   0x08000e48   0x0000001c   Code   RO         1385    i.EXTI0_IRQHandler  stm32l1xx_it.o
    0x08000e64   0x08000e64   0x0000001c   Code   RO         1386    i.EXTI2_IRQHandler  stm32l1xx_it.o
    0x08000e80   0x08000e80   0x0000003c   Code   RO         1387    i.EXTI9_5_IRQHandler  stm32l1xx_it.o
    0x08000ebc   0x08000ebc   0x0000000c   Code   RO         1811    i.EXTI_ClearITPendingBit  stm32l1xx_exti.o
    0x08000ec8   0x08000ec8   0x00000094   Code   RO         1816    i.EXTI_Init         stm32l1xx_exti.o
    0x08000f5c   0x08000f5c   0x0000000c   Code   RO         3441    i.FLASH_ClearFlag   stm32l1xx_flash.o
    0x08000f68   0x08000f68   0x00000034   Code   RO         3445    i.FLASH_GetStatus   stm32l1xx_flash.o
    0x08000f9c   0x08000f9c   0x00000030   Code   RO         3469    i.FLASH_WaitForLastOperation  stm32l1xx_flash.o
    0x08000fcc   0x08000fcc   0x00000090   Code   RO         1873    i.GPIO_Init         stm32l1xx_gpio.o
    0x0800105c   0x0800105c   0x00000046   Code   RO         1874    i.GPIO_PinAFConfig  stm32l1xx_gpio.o
    0x080010a2   0x080010a2   0x00000012   Code   RO         1879    i.GPIO_ReadOutputDataBit  stm32l1xx_gpio.o
    0x080010b4   0x080010b4   0x00000004   Code   RO         1880    i.GPIO_ResetBits    stm32l1xx_gpio.o
    0x080010b8   0x080010b8   0x00000004   Code   RO         1881    i.GPIO_SetBits      stm32l1xx_gpio.o
    0x080010bc   0x080010bc   0x00000028   Code   RO         1229    i.Get_Float_Backup  main.o
    0x080010e4   0x080010e4   0x000004a4   Code   RO         1493    i.HW_Setup          hw_init.o
    0x08001588   0x08001588   0x00000022   Code   RO         1388    i.HardFault_Handler_C  stm32l1xx_it.o
    0x080015aa   0x080015aa   0x00000002   PAD
    0x080015ac   0x080015ac   0x00000010   Code   RO         3751    i.IWDG_Enable       stm32l1xx_iwdg.o
    0x080015bc   0x080015bc   0x00000010   Code   RO         3753    i.IWDG_ReloadCounter  stm32l1xx_iwdg.o
    0x080015cc   0x080015cc   0x0000000c   Code   RO         3754    i.IWDG_SetPrescaler  stm32l1xx_iwdg.o
    0x080015d8   0x080015d8   0x0000000c   Code   RO         3755    i.IWDG_SetReload    stm32l1xx_iwdg.o
    0x080015e4   0x080015e4   0x0000000c   Code   RO         3756    i.IWDG_WriteAccessCmd  stm32l1xx_iwdg.o
    0x080015f0   0x080015f0   0x0000002e   Code   RO         1516    i.Ikon_Durum        stm32l1xx_lcd_st7522.o
    0x0800161e   0x0800161e   0x00000002   PAD
    0x08001620   0x08001620   0x00000020   Code   RO         1464    i.Int_Eeprom_ReadStr  stm32l1xx_int_eeprom.o
    0x08001640   0x08001640   0x00000060   Code   RO         1465    i.Int_Eeprom_WriteStr  stm32l1xx_int_eeprom.o
    0x080016a0   0x080016a0   0x00000050   Code   RO         1517    i.Komut_Gon         stm32l1xx_lcd_st7522.o
    0x080016f0   0x080016f0   0x00000064   Code   RO         1519    i.Lcd_Clear         stm32l1xx_lcd_st7522.o
    0x08001754   0x08001754   0x00000012   Code   RO         1520    i.Lcd_Contrast      stm32l1xx_lcd_st7522.o
    0x08001766   0x08001766   0x00000002   PAD
    0x08001768   0x08001768   0x00000088   Code   RO         1521    i.Lcd_Init          stm32l1xx_lcd_st7522.o
    0x080017f0   0x080017f0   0x00000100   Code   RO         1522    i.Lcd_Invert_Str    stm32l1xx_lcd_st7522.o
    0x080018f0   0x080018f0   0x0000006c   Code   RO         1525    i.Lcd_Pin_Init      stm32l1xx_lcd_st7522.o
    0x0800195c   0x0800195c   0x000000fc   Code   RO         1526    i.Lcd_Str           stm32l1xx_lcd_st7522.o
    0x08001a58   0x08001a58   0x00000100   Code   RO         1529    i.Lcd_Underline_Str  stm32l1xx_lcd_st7522.o
    0x08001b58   0x08001b58   0x00000004   Code   RO         1389    i.MemManage_Handler  stm32l1xx_it.o
    0x08001b5c   0x08001b5c   0x00000078   Code   RO         1766    i.NVIC_Init         misc.o
    0x08001bd4   0x08001bd4   0x0000000c   Code   RO         2105    i.PWR_RTCAccessCmd  stm32l1xx_pwr.o
    0x08001be0   0x08001be0   0x0000000c   Code   RO         2106    i.PWR_UltraLowPowerCmd  stm32l1xx_pwr.o
    0x08001bec   0x08001bec   0x00000020   Code   RO         2193    i.RCC_AHBPeriphClockCmd  stm32l1xx_rcc.o
    0x08001c0c   0x08001c0c   0x00000020   Code   RO         2196    i.RCC_APB1PeriphClockCmd  stm32l1xx_rcc.o
    0x08001c2c   0x08001c2c   0x00000020   Code   RO         2199    i.RCC_APB2PeriphClockCmd  stm32l1xx_rcc.o
    0x08001c4c   0x08001c4c   0x0000000c   Code   RO         2206    i.RCC_ClockSecuritySystemCmd  stm32l1xx_rcc.o
    0x08001c58   0x08001c58   0x00000034   Code   RO         2209    i.RCC_GetFlagStatus  stm32l1xx_rcc.o
    0x08001c8c   0x08001c8c   0x0000000c   Code   RO         2216    i.RCC_LSEClockSecuritySystemCmd  stm32l1xx_rcc.o
    0x08001c98   0x08001c98   0x00000010   Code   RO         2217    i.RCC_LSEConfig     stm32l1xx_rcc.o
    0x08001ca8   0x08001ca8   0x0000000c   Code   RO         2218    i.RCC_LSICmd        stm32l1xx_rcc.o
    0x08001cb4   0x08001cb4   0x0000000c   Code   RO         2226    i.RCC_RTCCLKCmd     stm32l1xx_rcc.o
    0x08001cc0   0x08001cc0   0x00000044   Code   RO         2227    i.RCC_RTCCLKConfig  stm32l1xx_rcc.o
    0x08001d04   0x08001d04   0x0000000c   Code   RO         2228    i.RCC_RTCResetCmd   stm32l1xx_rcc.o
    0x08001d10   0x08001d10   0x00000020   Code   RO         2446    i.RTC_ClearITPendingBit  stm32l1xx_rtc.o
    0x08001d30   0x08001d30   0x00000064   Code   RO         2465    i.RTC_ITConfig      stm32l1xx_rtc.o
    0x08001d94   0x08001d94   0x00000020   Code   RO         2469    i.RTC_ReadBackupRegister  stm32l1xx_rtc.o
    0x08001db4   0x08001db4   0x0000001c   Code   RO         2474    i.RTC_SetWakeUpCounter  stm32l1xx_rtc.o
    0x08001dd0   0x08001dd0   0x00000028   Code   RO         1390    i.RTC_WKUP_IRQHandler  stm32l1xx_it.o
    0x08001df8   0x08001df8   0x00000060   Code   RO         2487    i.RTC_WaitForSynchro  stm32l1xx_rtc.o
    0x08001e58   0x08001e58   0x00000030   Code   RO         2488    i.RTC_WakeUpClockConfig  stm32l1xx_rtc.o
    0x08001e88   0x08001e88   0x00000078   Code   RO         2489    i.RTC_WakeUpCmd     stm32l1xx_rtc.o
    0x08001f00   0x08001f00   0x0000001c   Code   RO         2490    i.RTC_WriteBackupRegister  stm32l1xx_rtc.o
    0x08001f1c   0x08001f1c   0x00000030   Code   RO         1652    i.SHT11_Ack         stm32l1xx_sht11.o
    0x08001f4c   0x08001f4c   0x00000040   Code   RO         1653    i.SHT11_Gonder8Bit  stm32l1xx_sht11.o
    0x08001f8c   0x08001f8c   0x000000f0   Code   RO         1654    i.SHT11_Hesapla     stm32l1xx_sht11.o
    0x0800207c   0x0800207c   0x00000038   Code   RO         1655    i.SHT11_NAck        stm32l1xx_sht11.o
    0x080020b4   0x080020b4   0x0000003c   Code   RO         1656    i.SHT11_Oku         stm32l1xx_sht11.o
    0x080020f0   0x080020f0   0x00000038   Code   RO         1657    i.SHT11_Oku8Bit     stm32l1xx_sht11.o
    0x08002128   0x08002128   0x000000bc   Code   RO         1658    i.SHT11_Paket_Al    stm32l1xx_sht11.o
    0x080021e4   0x080021e4   0x00000034   Code   RO         1659    i.SHT11_Reset       stm32l1xx_sht11.o
    0x08002218   0x08002218   0x00000070   Code   RO         1660    i.SHT11_Start       stm32l1xx_sht11.o
    0x08002288   0x08002288   0x00000040   Code   RO         2780    i.SYSCFG_EXTILineConfig  stm32l1xx_syscfg.o
    0x080022c8   0x080022c8   0x000000c4   Code   RO            3    i.SetSysClock       system_stm32l1xx.o
    0x0800238c   0x0800238c   0x00000032   Code   RO         1230    i.Set_Float_Backup  main.o
    0x080023be   0x080023be   0x00000002   PAD
    0x080023c0   0x080023c0   0x00000020   Code   RO          808    i.SysTick_Handler   port.o
    0x080023e0   0x080023e0   0x00000068   Code   RO            5    i.SystemInit        system_stm32l1xx.o
    0x08002448   0x08002448   0x00000060   Code   RO         1391    i.TIM5_IRQHandler   stm32l1xx_it.o
    0x080024a8   0x080024a8   0x00000018   Code   RO         2875    i.TIM_ARRPreloadConfig  stm32l1xx_tim.o
    0x080024c0   0x080024c0   0x00000006   Code   RO         2878    i.TIM_ClearITPendingBit  stm32l1xx_tim.o
    0x080024c6   0x080024c6   0x00000018   Code   RO         2883    i.TIM_Cmd           stm32l1xx_tim.o
    0x080024de   0x080024de   0x00000042   Code   RO         2891    i.TIM_EncoderInterfaceConfig  stm32l1xx_tim.o
    0x08002520   0x08002520   0x00000012   Code   RO         2907    i.TIM_ITConfig      stm32l1xx_tim.o
    0x08002532   0x08002532   0x00000002   PAD
    0x08002534   0x08002534   0x00000060   Code   RO         2951    i.TIM_TimeBaseInit  stm32l1xx_tim.o
    0x08002594   0x08002594   0x00000032   Code   RO         1530    i.The_Pin_Init      stm32l1xx_lcd_st7522.o
    0x080025c6   0x080025c6   0x00000096   Code   RO         1531    i.TurkceCevir       stm32l1xx_lcd_st7522.o
    0x0800265c   0x0800265c   0x00000004   Code   RO         1392    i.UsageFault_Handler  stm32l1xx_it.o
    0x08002660   0x08002660   0x00000068   Code   RO         1532    i.Veri_Gon          stm32l1xx_lcd_st7522.o
    0x080026c8   0x080026c8   0x00000028   Code   RO         4045    i.__0sprintf        mc_w.l(printfa.o)
    0x080026f0   0x080026f0   0x0000000e   Code   RO         4143    i.__scatterload_copy  mc_w.l(handlers.o)
    0x080026fe   0x080026fe   0x00000002   Code   RO         4144    i.__scatterload_null  mc_w.l(handlers.o)
    0x08002700   0x08002700   0x0000000e   Code   RO         4145    i.__scatterload_zeroinit  mc_w.l(handlers.o)
    0x0800270e   0x0800270e   0x00000006   Code   RO         1737    i.__set_PRIMASK     stm32l1xx_dht11.o
    0x08002714   0x08002714   0x00000184   Code   RO         4050    i._fp_digits        mc_w.l(printfa.o)
    0x08002898   0x08002898   0x000006dc   Code   RO         4051    i._printf_core      mc_w.l(printfa.o)
    0x08002f74   0x08002f74   0x00000024   Code   RO         4052    i._printf_post_padding  mc_w.l(printfa.o)
    0x08002f98   0x08002f98   0x0000002e   Code   RO         4053    i._printf_pre_padding  mc_w.l(printfa.o)
    0x08002fc6   0x08002fc6   0x0000000a   Code   RO         4055    i._sputc            mc_w.l(printfa.o)
    0x08002fd0   0x08002fd0   0x00000028   Code   RO         1661    i.crc8_add          stm32l1xx_sht11.o
    0x08002ff8   0x08002ff8   0x00000240   Code   RO         1231    i.main              main.o
    0x08003238   0x08003238   0x00000054   Code   RO          432    i.prvAddCurrentTaskToDelayedList  tasks.o
    0x0800328c   0x0800328c   0x0000003a   Code   RO          433    i.prvAllocateTCBAndStack  tasks.o
    0x080032c6   0x080032c6   0x00000002   PAD
    0x080032c8   0x080032c8   0x00000064   Code   RO          718    i.prvCheckForValidListAndQueue  timers.o
    0x0800332c   0x0800332c   0x00000064   Code   RO          434    i.prvCheckTasksWaitingTermination  tasks.o
    0x08003390   0x08003390   0x00000030   Code   RO          254    i.prvCopyDataFromQueue  queue.o
    0x080033c0   0x080033c0   0x00000086   Code   RO          255    i.prvCopyDataToQueue  queue.o
    0x08003446   0x08003446   0x00000012   Code   RO          435    i.prvDeleteTCB      tasks.o
    0x08003458   0x08003458   0x00000028   Code   RO          719    i.prvGetNextExpireTime  timers.o
    0x08003480   0x08003480   0x0000007c   Code   RO          878    i.prvHeapInit       heap_4.o
    0x080034fc   0x080034fc   0x0000001c   Code   RO          436    i.prvIdleTask       tasks.o
    0x08003518   0x08003518   0x0000005a   Code   RO          437    i.prvInitialiseTCBVariables  tasks.o
    0x08003572   0x08003572   0x00000002   PAD
    0x08003574   0x08003574   0x00000068   Code   RO          438    i.prvInitialiseTaskLists  tasks.o
    0x080035dc   0x080035dc   0x00000068   Code   RO          879    i.prvInsertBlockIntoFreeList  heap_4.o
    0x08003644   0x08003644   0x00000058   Code   RO          720    i.prvInsertTimerInActiveList  timers.o
    0x0800369c   0x0800369c   0x0000001a   Code   RO          256    i.prvIsQueueEmpty   queue.o
    0x080036b6   0x080036b6   0x0000001e   Code   RO          257    i.prvIsQueueFull    queue.o
    0x080036d4   0x080036d4   0x0000004c   Code   RO          721    i.prvProcessExpiredTimer  timers.o
    0x08003720   0x08003720   0x000000c0   Code   RO          722    i.prvProcessReceivedCommands  timers.o
    0x080037e0   0x080037e0   0x0000004c   Code   RO          723    i.prvProcessTimerOrBlockTask  timers.o
    0x0800382c   0x0800382c   0x00000034   Code   RO          440    i.prvResetNextTaskUnblockTime  tasks.o
    0x08003860   0x08003860   0x0000002c   Code   RO          724    i.prvSampleTimeNow  timers.o
    0x0800388c   0x0800388c   0x00000084   Code   RO          725    i.prvSwitchTimerLists  timers.o
    0x08003910   0x08003910   0x00000008   Code   RO          809    i.prvTaskExitError  port.o
    0x08003918   0x08003918   0x0000001a   Code   RO          726    i.prvTimerTask      timers.o
    0x08003932   0x08003932   0x0000007e   Code   RO          258    i.prvUnlockQueue    queue.o
    0x080039b0   0x080039b0   0x000000dc   Code   RO          880    i.pvPortMalloc      heap_4.o
    0x08003a8c   0x08003a8c   0x00000020   Code   RO          810    i.pxPortInitialiseStack  port.o
    0x08003aac   0x08003aac   0x00000026   Code   RO         1662    i.rev8bits          stm32l1xx_sht11.o
    0x08003ad2   0x08003ad2   0x00000028   Code   RO          218    i.uxListRemove      list.o
    0x08003afa   0x08003afa   0x00000002   Code   RO         1232    i.vApplicationIdleHook  main.o
    0x08003afc   0x08003afc   0x00000008   Code   RO         1233    i.vApplicationMallocFailedHook  main.o
    0x08003b04   0x08003b04   0x00000008   Code   RO         1234    i.vApplicationStackOverflowHook  main.o
    0x08003b0c   0x08003b0c   0x00000002   Code   RO         1235    i.vApplicationTickHook  main.o
    0x08003b0e   0x08003b0e   0x00000002   PAD
    0x08003b10   0x08003b10   0x00000028   Code   RO         1237    i.vBL_Timer         main.o
    0x08003b38   0x08003b38   0x0000001a   Code   RO          219    i.vListInitialise   list.o
    0x08003b52   0x08003b52   0x00000006   Code   RO          220    i.vListInitialiseItem  list.o
    0x08003b58   0x08003b58   0x00000034   Code   RO          221    i.vListInsert       list.o
    0x08003b8c   0x08003b8c   0x00000018   Code   RO          222    i.vListInsertEnd    list.o
    0x08003ba4   0x08003ba4   0x00000020   Code   RO          812    i.vPortEnterCritical  port.o
    0x08003bc4   0x08003bc4   0x00000020   Code   RO          813    i.vPortExitCritical  port.o
    0x08003be4   0x08003be4   0x00000048   Code   RO          881    i.vPortFree         heap_4.o
    0x08003c2c   0x08003c2c   0x00000020   Code   RO          814    i.vPortSetupTimerInterrupt  port.o
    0x08003c4c   0x08003c4c   0x00000018   Code   RO          815    i.vPortYield        port.o
    0x08003c64   0x08003c64   0x0000002c   Code   RO          264    i.vQueueAddToRegistry  queue.o
    0x08003c90   0x08003c90   0x0000003a   Code   RO          268    i.vQueueWaitForMessageRestricted  queue.o
    0x08003cca   0x08003cca   0x00000002   PAD
    0x08003ccc   0x08003ccc   0x0000001c   Code   RO          448    i.vTaskDecrementMutexHeldCount  tasks.o
    0x08003ce8   0x08003ce8   0x00000054   Code   RO          449    i.vTaskDelay        tasks.o
    0x08003d3c   0x08003d3c   0x0000001c   Code   RO          453    i.vTaskIncrementMutexHeldCount  tasks.o
    0x08003d58   0x08003d58   0x0000000c   Code   RO          454    i.vTaskMissedYield  tasks.o
    0x08003d64   0x08003d64   0x00000064   Code   RO          455    i.vTaskPlaceOnEventList  tasks.o
    0x08003dc8   0x08003dc8   0x00000050   Code   RO          456    i.vTaskPlaceOnEventListRestricted  tasks.o
    0x08003e18   0x08003e18   0x000000b0   Code   RO          458    i.vTaskPriorityInherit  tasks.o
    0x08003ec8   0x08003ec8   0x00000018   Code   RO          462    i.vTaskSetTimeOutState  tasks.o
    0x08003ee0   0x08003ee0   0x00000054   Code   RO          463    i.vTaskStartScheduler  tasks.o
    0x08003f34   0x08003f34   0x00000010   Code   RO          465    i.vTaskSuspendAll   tasks.o
    0x08003f44   0x08003f44   0x000000a0   Code   RO          466    i.vTaskSwitchContext  tasks.o
    0x08003fe4   0x08003fe4   0x00000150   Code   RO         1238    i.vTask_Buton       main.o
    0x08004134   0x08004134   0x00000038   Code   RO         1239    i.vTask_Buzzer      main.o
    0x0800416c   0x0800416c   0x000000c0   Code   RO         1240    i.vTask_Encoder     main.o
    0x0800422c   0x0800422c   0x000003ac   Code   RO         1241    i.vTask_RTC         main.o
    0x080045d8   0x080045d8   0x00000418   Code   RO         1242    i.vTask_Sensor      main.o
    0x080049f0   0x080049f0   0x00000034   Code   RO          816    i.xPortStartScheduler  port.o
    0x08004a24   0x08004a24   0x00000050   Code   RO          270    i.xQueueCreateMutex  queue.o
    0x08004a74   0x08004a74   0x0000004e   Code   RO          271    i.xQueueGenericCreate  queue.o
    0x08004ac2   0x08004ac2   0x0000011c   Code   RO          272    i.xQueueGenericReceive  queue.o
    0x08004bde   0x08004bde   0x0000006e   Code   RO          273    i.xQueueGenericReset  queue.o
    0x08004c4c   0x08004c4c   0x000000ea   Code   RO          274    i.xQueueGenericSend  queue.o
    0x08004d36   0x08004d36   0x00000072   Code   RO          275    i.xQueueGenericSendFromISR  queue.o
    0x08004da8   0x08004da8   0x0000005c   Code   RO          467    i.xTaskCheckForTimeOut  tasks.o
    0x08004e04   0x08004e04   0x00000100   Code   RO          468    i.xTaskGenericCreate  tasks.o
    0x08004f04   0x08004f04   0x0000000c   Code   RO          469    i.xTaskGetCurrentTaskHandle  tasks.o
    0x08004f10   0x08004f10   0x00000020   Code   RO          470    i.xTaskGetSchedulerState  tasks.o
    0x08004f30   0x08004f30   0x00000018   Code   RO          471    i.xTaskGetTickCount  tasks.o
    0x08004f48   0x08004f48   0x0000012c   Code   RO          473    i.xTaskIncrementTick  tasks.o
    0x08005074   0x08005074   0x0000007c   Code   RO          474    i.xTaskPriorityDisinherit  tasks.o
    0x080050f0   0x080050f0   0x00000080   Code   RO          475    i.xTaskRemoveFromEventList  tasks.o
    0x08005170   0x08005170   0x000000dc   Code   RO          477    i.xTaskResumeAll    tasks.o
    0x0800524c   0x0800524c   0x0000003e   Code   RO          728    i.xTimerCreate      timers.o
    0x0800528a   0x0800528a   0x00000002   PAD
    0x0800528c   0x0800528c   0x00000040   Code   RO          729    i.xTimerCreateTimerTask  timers.o
    0x080052cc   0x080052cc   0x0000006c   Code   RO          730    i.xTimerGenericCommand  timers.o
    0x08005338   0x08005338   0x00000020   Code   RO          731    i.xTimerIsTimerActive  timers.o
    0x08005358   0x08005358   0x00000014   Data   RO          480    .constdata          tasks.o
    0x0800536c   0x0800536c   0x00000692   Data   RO         1533    .constdata          stm32l1xx_lcd_st7522.o
    0x080059fe   0x080059fe   0x00000002   PAD
    0x08005a00   0x08005a00   0x00000020   Data   RO         4141    Region$$Table       anon$$obj.o


    Execution Region RW_IRAM1 (Exec base: 0x20000000, Load base: 0x08005a20, Size: 0x000075f0, Max: 0x0000c000, ABSOLUTE)

    Exec Addr    Load Addr    Size         Type   Attr      Idx    E Section Name        Object

    0x20000000   0x08005a20   0x0000001d   Data   RW            6    .data               system_stm32l1xx.o
    0x2000001d   0x08005a3d   0x00000003   PAD
    0x20000020   0x08005a40   0x00000038   Data   RW          481    .data               tasks.o
    0x20000058   0x08005a78   0x00000010   Data   RW          733    .data               timers.o
    0x20000068   0x08005a88   0x00000004   Data   RW          817    .data               port.o
    0x2000006c   0x08005a8c   0x00000018   Data   RW          886    .data               heap_4.o
    0x20000084   0x08005aa4   0x00000030   Data   RW         1244    .data               main.o
    0x200000b4   0x08005ad4   0x00000001   Data   RW         1466    .data               stm32l1xx_int_eeprom.o
    0x200000b5   0x08005ad5   0x00000003   PAD
    0x200000b8        -       0x00000028   Zero   RW          282    .bss                queue.o
    0x200000e0        -       0x000000c8   Zero   RW          479    .bss                tasks.o
    0x200001a8        -       0x00000028   Zero   RW          732    .bss                timers.o
    0x200001d0        -       0x00007000   Zero   RW          885    .bss                heap_4.o
    0x200071d0        -       0x00000020   Zero   RW         1243    .bss                main.o
    0x200071f0        -       0x00000400   Zero   RW          103    STACK               startup_stm32l1xx_hd.o


==============================================================================

Image component sizes


      Code (inc. data)   RO Data    RW Data    ZI Data      Debug   Object Name

         0          0          0          0          0       2320   dynamic.o
         0          0          0          0          0      10812   event_groups.o
       520         64          0         24      28672       3783   heap_4.o
      1188         44          0          0          0       1367   hw_init.o
       148          0          0          0          0       3002   list.o
      3342        510          0         48         32      10330   main.o
       120         14          0          0          0       1072   misc.o
       406         56          0          4          0       6601   port.o
      1366          6          0          0         40      14201   queue.o
        36          8        292          0       1024        760   startup_stm32l1xx_hd.o
        32          6          0          0          0        572   stm32l1xx_dbgmcu.o
       750         12          0          0          0       1949   stm32l1xx_dht11.o
       160         12          0          0          0       1565   stm32l1xx_exti.o
       202         28          0          0          0       4027   stm32l1xx_flash.o
       240          0          0          0          0       3584   stm32l1xx_gpio.o
       128         12          0          1          0       1993   stm32l1xx_int_eeprom.o
       320         36          0          0          0       4760   stm32l1xx_it.o
        68         30          0          0          0       2550   stm32l1xx_iwdg.o
      1620         62       1682          0          0      10439   stm32l1xx_lcd_st7522.o
        24         12          0          0          0       1054   stm32l1xx_pwr.o
       292         60          0          0          0       6181   stm32l1xx_rcc.o
       484         40          0          0          0       5922   stm32l1xx_rtc.o
       954         92          0          0          0       6083   stm32l1xx_sht11.o
        64          4          0          0          0        652   stm32l1xx_syscfg.o
       234         20          0          0          0       4292   stm32l1xx_tim.o
       300         28          0         29          0     231995   system_stm32l1xx.o
      2514        378         20         56        200      19722   tasks.o
      1040        104          0         16         40       9592   timers.o

    ----------------------------------------------------------------------
     16578       1638       2028        184      30008     371180   Object Totals
         0          0         32          0          0          0   (incl. Generated)
        26          0          2          6          0          0   (incl. Padding)

    ----------------------------------------------------------------------

      Code (inc. data)   RO Data    RW Data    ZI Data      Debug   Library Member Name

         0          0          0          0          0          0   entry.o
         0          0          0          0          0          0   entry10a.o
         0          0          0          0          0          0   entry11a.o
         8          4          0          0          0          0   entry2.o
         4          0          0          0          0          0   entry5.o
         0          0          0          0          0          0   entry7b.o
         0          0          0          0          0          0   entry8b.o
         8          4          0          0          0          0   entry9a.o
        30          0          0          0          0          0   handlers.o
        36          8          0          0          0         68   init.o
         0          0          0          0          0          0   iusefp.o
        30          0          0          0          0         68   llshl.o
        36          0          0          0          0         68   llsshr.o
        32          0          0          0          0         68   llushr.o
        26          0          0          0          0         80   memcmp.o
        36          0          0          0          0         68   memcpya.o
        36          0          0          0          0        108   memseta.o
      2276         86          0          0          0        520   printfa.o
        44          0          0          0          0         80   uidiv.o
        98          0          0          0          0         92   uldiv.o
        48          0          0          0          0         68   cdcmple.o
        48          0          0          0          0         68   cdrcmple.o
        20          0          0          0          0         68   cfcmple.o
        20          0          0          0          0         68   cfrcmple.o
        56          0          0          0          0         88   d2f.o
       334          0          0          0          0        148   dadd.o
       222          0          0          0          0        100   ddiv.o
       186          0          0          0          0        176   depilogue.o
        48          0          0          0          0         68   dfixul.o
        34          0          0          0          0         76   dflti.o
        26          0          0          0          0         76   dfltui.o
       228          0          0          0          0         96   dmul.o
        38          0          0          0          0         68   f2d.o
       176          0          0          0          0        140   fadd.o
       110          0          0          0          0        168   fepilogue.o
        40          0          0          0          0         68   ffixui.o
        18          0          0          0          0         68   fflti.o
        10          0          0          0          0         68   ffltui.o
       100          0          0          0          0         76   fmul.o

    ----------------------------------------------------------------------
      4466        102          0          0          0       2976   Library Totals
         4          0          0          0          0          0   (incl. Padding)

    ----------------------------------------------------------------------

      Code (inc. data)   RO Data    RW Data    ZI Data      Debug   Library Name

      2700        102          0          0          0       1220   mc_w.l
      1762          0          0          0          0       1756   mf_w.l

    ----------------------------------------------------------------------
      4466        102          0          0          0       2976   Library Totals

    ----------------------------------------------------------------------

==============================================================================


      Code (inc. data)   RO Data    RW Data    ZI Data      Debug   

     21044       1740       2028        184      30008     363700   Grand Totals
     21044       1740       2028        184      30008     363700   ELF Image Totals
     21044       1740       2028        184          0          0   ROM Totals

==============================================================================

    Total RO  Size (Code + RO Data)                23072 (  22.53kB)
    Total RW  Size (RW Data + ZI Data)             30192 (  29.48kB)
    Total ROM Size (Code + RO Data + RW Data)      23256 (  22.71kB)

==============================================================================

